[2026-06-09 23:27:49.467358] _unload called
[2026-06-09 23:27:58.730141] MODULE LOAD START
[2026-06-09 23:27:58.730550] WRAPPER: wrapped 40 methods: ['add_game', 'add_steam_shortcut', 'apply_steam_grid', 'download_as_base64', 'ensure_proton', 'fetch_steamgrid_art_urls', 'get_game', 'get_game_card_art', 'get_game_processing_state', 'get_game_proton', 'get_games', 'get_games_folder', 'get_needs_restart', 'get_plugin_info', 'get_protontricks_status', 'get_steam_running', 'get_steam_shortcut', 'get_steamgrid_key', 'init_prefix', 'initialize', 'install_dependencies', 'install_protontricks', 'list_nonsteam_games', 'list_proton_versions', 'list_steam_users', 'list_subfolders', 'purge_steam_game_data', 'read_file_as_base64', 'remove_game', 'remove_steam_shortcut', 'restart_steam', 'scan_game_exes', 'scan_games_folder', 'set_game_processing_state', 'set_game_proton', 'set_games_folder', 'set_needs_restart', 'set_steamgrid_key', 'update_game_config', 'update_steam_shortcut']
[2026-06-09 23:27:58.730643] Plugin.__init__
[2026-06-09 23:27:58.730903] _main called
[2026-06-09 23:27:58.732098] _main OK
[2026-06-09 23:28:18.389481] CALL get_needs_restart(args=(), kwargs={})
[2026-06-09 23:28:18.390347] CALL OK get_needs_restart
[2026-06-09 23:28:18.391602] CALL get_games(args=(), kwargs={})
[2026-06-09 23:28:18.392479] CALL OK get_games
[2026-06-09 23:28:18.393016] CALL get_games_folder(args=(), kwargs={})
[2026-06-09 23:28:18.393498] CALL OK get_games_folder
[2026-06-09 23:28:18.423100] CALL list_nonsteam_games(args=(), kwargs={})
[2026-06-09 23:28:18.568259] CALL OK list_nonsteam_games
[2026-06-09 23:28:18.570104] CALL get_game_card_art(args=('Abiotic Factor',), kwargs={})
[2026-06-09 23:28:18.582224] CALL OK get_game_card_art
[2026-06-09 23:28:18.582555] CALL get_game_card_art(args=('Baldurs Gate 3',), kwargs={})
[2026-06-09 23:28:18.594225] CALL OK get_game_card_art
[2026-06-09 23:28:18.594519] CALL get_game_card_art(args=('CULTIC',), kwargs={})
[2026-06-09 23:28:18.605684] CALL OK get_game_card_art
[2026-06-09 23:28:18.605948] CALL get_game_card_art(args=('Clair Obscur - Expedition 33',), kwargs={})
[2026-06-09 23:28:18.617490] CALL OK get_game_card_art
[2026-06-09 23:28:18.617918] CALL get_game_card_art(args=('Cyberpunk 2077',), kwargs={})
[2026-06-09 23:28:18.628878] CALL OK get_game_card_art
[2026-06-09 23:28:18.631824] CALL get_game_card_art(args=('Dead Island 2',), kwargs={})
[2026-06-09 23:28:18.643690] CALL OK get_game_card_art
[2026-06-09 23:28:18.649272] CALL get_game_card_art(args=('ENDER LILIES - Quietus of the Knights',), kwargs={})
[2026-06-09 23:28:18.661827] CALL OK get_game_card_art
[2026-06-09 23:28:18.663099] CALL get_game_card_art(args=('Fallout New Vegas',), kwargs={})
[2026-06-09 23:28:18.674621] CALL OK get_game_card_art
[2026-06-09 23:28:18.675869] CALL get_game_card_art(args=('Gabbys Dollhouse Ready To Party',), kwargs={})
[2026-06-09 23:28:18.686777] CALL OK get_game_card_art
[2026-06-09 23:28:18.686999] CALL get_game_card_art(args=('Hades II',), kwargs={})
[2026-06-09 23:28:18.698670] CALL OK get_game_card_art
[2026-06-09 23:28:18.698938] CALL get_game_card_art(args=('Hollow Knight Silksong',), kwargs={})
[2026-06-09 23:28:18.710325] CALL OK get_game_card_art
[2026-06-09 23:28:18.710553] CALL get_game_card_art(args=('It Takes Two',), kwargs={})
[2026-06-09 23:28:18.723294] CALL OK get_game_card_art
[2026-06-09 23:28:18.724694] CALL get_game_card_art(args=('LEGO Voyagers',), kwargs={})
[2026-06-09 23:28:18.737892] CALL OK get_game_card_art
[2026-06-09 23:28:18.740241] CALL get_game_card_art(args=('Life is Strange Remastered',), kwargs={})
[2026-06-09 23:28:18.752436] CALL OK get_game_card_art
[2026-06-09 23:28:18.753736] CALL get_game_card_art(args=('Little Nightmares Enhanced Edition',), kwargs={})
[2026-06-09 23:28:18.765149] CALL OK get_game_card_art
[2026-06-09 23:28:18.765436] CALL get_game_card_art(args=('NINJA GAIDEN - Ragebound',), kwargs={})
[2026-06-09 23:28:18.777629] CALL OK get_game_card_art
[2026-06-09 23:28:18.782133] CALL get_game_card_art(args=('Resident Evil 4',), kwargs={})
[2026-06-09 23:28:18.795426] CALL OK get_game_card_art
[2026-06-09 23:28:18.796690] CALL get_game_card_art(args=('Rise of the Tomb Raider',), kwargs={})
[2026-06-09 23:28:18.811483] CALL OK get_game_card_art
[2026-06-09 23:28:18.812676] CALL get_game_card_art(args=('Schedule I',), kwargs={})
[2026-06-09 23:28:18.827792] CALL OK get_game_card_art
[2026-06-09 23:28:18.831789] CALL get_game_card_art(args=('Split Fiction',), kwargs={})
[2026-06-09 23:28:18.847474] CALL OK get_game_card_art
[2026-06-09 23:28:18.854821] CALL get_game_card_art(args=('TEKKEN 8',), kwargs={})
[2026-06-09 23:28:18.869259] CALL OK get_game_card_art
[2026-06-09 23:28:18.871931] CALL get_game_card_art(args=('The Alters',), kwargs={})
[2026-06-09 23:28:18.886067] CALL OK get_game_card_art
[2026-06-09 23:28:18.889719] CALL get_game_card_art(args=('The Wolf Among Us',), kwargs={})
[2026-06-09 23:28:18.902399] CALL OK get_game_card_art
[2026-06-09 23:28:18.903861] CALL get_game_card_art(args=('Uncharted Legacy of Thieves Collection',), kwargs={})
[2026-06-09 23:28:18.918269] CALL OK get_game_card_art
[2026-06-09 23:28:19.684477] CALL list_proton_versions(args=(), kwargs={})
[2026-06-09 23:28:19.686177] CALL OK list_proton_versions
[2026-06-09 23:28:19.686467] CALL get_steam_shortcut(args=('Cyberpunk 2077',), kwargs={})
[2026-06-09 23:28:19.699734] CALL OK get_steam_shortcut
[2026-06-09 23:28:19.700215] CALL get_game_processing_state(args=('Cyberpunk 2077',), kwargs={})
[2026-06-09 23:28:19.701008] CALL OK get_game_processing_state
[2026-06-09 23:28:20.673100] CALL get_games(args=(), kwargs={})
[2026-06-09 23:28:20.673795] CALL OK get_games
[2026-06-09 23:28:20.674297] CALL get_games_folder(args=(), kwargs={})
[2026-06-09 23:28:20.674930] CALL OK get_games_folder
[2026-06-09 23:28:20.689848] CALL get_game_card_art(args=('Abiotic Factor',), kwargs={})
[2026-06-09 23:28:20.701704] CALL OK get_game_card_art
[2026-06-09 23:28:20.702568] CALL get_game_card_art(args=('Baldurs Gate 3',), kwargs={})
[2026-06-09 23:28:20.713679] CALL OK get_game_card_art
[2026-06-09 23:28:20.714041] CALL get_game_card_art(args=('CULTIC',), kwargs={})
[2026-06-09 23:28:20.726394] CALL OK get_game_card_art
[2026-06-09 23:28:20.726648] CALL get_game_card_art(args=('Clair Obscur - Expedition 33',), kwargs={})
[2026-06-09 23:28:20.737933] CALL OK get_game_card_art
[2026-06-09 23:28:20.738209] CALL get_game_card_art(args=('Cyberpunk 2077',), kwargs={})
[2026-06-09 23:28:20.750156] CALL OK get_game_card_art
[2026-06-09 23:28:20.753746] CALL get_game_card_art(args=('Dead Island 2',), kwargs={})
[2026-06-09 23:28:20.765932] CALL OK get_game_card_art
[2026-06-09 23:28:20.772321] CALL get_game_card_art(args=('ENDER LILIES - Quietus of the Knights',), kwargs={})
[2026-06-09 23:28:20.784550] CALL OK get_game_card_art
[2026-06-09 23:28:20.785671] CALL get_game_card_art(args=('Fallout New Vegas',), kwargs={})
[2026-06-09 23:28:20.796910] CALL OK get_game_card_art
[2026-06-09 23:28:20.798465] CALL get_game_card_art(args=('Gabbys Dollhouse Ready To Party',), kwargs={})
[2026-06-09 23:28:20.810357] CALL OK get_game_card_art
[2026-06-09 23:28:20.810576] CALL get_game_card_art(args=('Hades II',), kwargs={})
[2026-06-09 23:28:20.821661] CALL OK get_game_card_art
[2026-06-09 23:28:20.821965] CALL get_game_card_art(args=('Hollow Knight Silksong',), kwargs={})
[2026-06-09 23:28:20.832714] CALL OK get_game_card_art
[2026-06-09 23:28:20.832951] CALL get_game_card_art(args=('It Takes Two',), kwargs={})
[2026-06-09 23:28:20.844470] CALL OK get_game_card_art
[2026-06-09 23:28:20.846101] CALL get_game_card_art(args=('LEGO Voyagers',), kwargs={})
[2026-06-09 23:28:20.857906] CALL OK get_game_card_art
[2026-06-09 23:28:20.860392] CALL get_game_card_art(args=('Life is Strange Remastered',), kwargs={})
[2026-06-09 23:28:20.871369] CALL OK get_game_card_art
[2026-06-09 23:28:20.872706] CALL get_game_card_art(args=('Little Nightmares Enhanced Edition',), kwargs={})
[2026-06-09 23:28:20.885246] CALL OK get_game_card_art
[2026-06-09 23:28:20.885505] CALL get_game_card_art(args=('NINJA GAIDEN - Ragebound',), kwargs={})
[2026-06-09 23:28:20.897715] CALL OK get_game_card_art
[2026-06-09 23:28:20.901982] CALL get_game_card_art(args=('Resident Evil 4',), kwargs={})
[2026-06-09 23:28:20.913430] CALL OK get_game_card_art
[2026-06-09 23:28:20.914447] CALL get_game_card_art(args=('Rise of the Tomb Raider',), kwargs={})
[2026-06-09 23:28:20.925981] CALL OK get_game_card_art
[2026-06-09 23:28:20.926846] CALL get_game_card_art(args=('Schedule I',), kwargs={})
[2026-06-09 23:28:20.939374] CALL OK get_game_card_art
[2026-06-09 23:28:20.942639] CALL get_game_card_art(args=('Split Fiction',), kwargs={})
[2026-06-09 23:28:20.954068] CALL OK get_game_card_art
[2026-06-09 23:28:20.959663] CALL get_game_card_art(args=('TEKKEN 8',), kwargs={})
[2026-06-09 23:28:20.970705] CALL OK get_game_card_art
[2026-06-09 23:28:20.973126] CALL get_game_card_art(args=('The Alters',), kwargs={})
[2026-06-09 23:28:20.984655] CALL OK get_game_card_art
[2026-06-09 23:28:20.987431] CALL get_game_card_art(args=('The Wolf Among Us',), kwargs={})
[2026-06-09 23:28:20.998585] CALL OK get_game_card_art
[2026-06-09 23:28:20.999614] CALL get_game_card_art(args=('Uncharted Legacy of Thieves Collection',), kwargs={})
[2026-06-09 23:28:21.012576] CALL OK get_game_card_art
[2026-06-09 23:28:21.030845] CALL list_nonsteam_games(args=(), kwargs={})
[2026-06-09 23:28:21.101042] CALL OK list_nonsteam_games
[2026-06-09 23:28:22.758141] CALL list_proton_versions(args=(), kwargs={})
[2026-06-09 23:28:22.759298] CALL OK list_proton_versions
[2026-06-09 23:28:22.759820] CALL get_steam_shortcut(args=('Clair Obscur - Expedition 33',), kwargs={})
[2026-06-09 23:28:22.771267] CALL OK get_steam_shortcut
[2026-06-09 23:28:22.771506] CALL get_game_processing_state(args=('Clair Obscur - Expedition 33',), kwargs={})
[2026-06-09 23:28:22.772326] CALL OK get_game_processing_state
[2026-06-09 23:28:26.632995] CALL init_prefix(args=(-1069797399, 'GE-Proton10-25', True), kwargs={})
[2026-06-09 23:28:36.458806] CALL OK init_prefix
[2026-06-09 23:28:38.248595] CALL set_game_processing_state(args=('Clair Obscur - Expedition 33', {'status': 'installing', 'deps': ['vcrun2022', 'd3dx9'], 'pfxid': '3225169897'}), kwargs={})
[2026-06-09 23:28:38.250190] CALL OK set_game_processing_state
[2026-06-09 23:28:38.250316] CALL install_dependencies(args=('3225169897', 'vcrun2022, d3dx9'), kwargs={})
[2026-06-09 23:29:34.286307] CALL OK install_dependencies
[2026-06-09 23:29:34.288668] CALL set_game_processing_state(args=('Clair Obscur - Expedition 33', None), kwargs={})
[2026-06-09 23:29:34.290016] CALL OK set_game_processing_state
[2026-06-09 23:30:10.612973] CALL get_needs_restart(args=(), kwargs={})
[2026-06-09 23:30:10.613591] CALL OK get_needs_restart
[2026-06-09 23:30:10.614186] CALL get_games(args=(), kwargs={})
[2026-06-09 23:30:10.615098] CALL OK get_games
[2026-06-09 23:30:10.615789] CALL get_games_folder(args=(), kwargs={})
[2026-06-09 23:30:10.616241] CALL OK get_games_folder
[2026-06-09 23:30:10.668295] CALL list_nonsteam_games(args=(), kwargs={})
[2026-06-09 23:30:10.742781] CALL OK list_nonsteam_games
[2026-06-09 23:30:10.744718] CALL get_game_card_art(args=('Abiotic Factor',), kwargs={})
[2026-06-09 23:30:10.759202] CALL OK get_game_card_art
[2026-06-09 23:30:10.759587] CALL get_game_card_art(args=('Baldurs Gate 3',), kwargs={})
[2026-06-09 23:30:10.775450] CALL OK get_game_card_art
[2026-06-09 23:30:10.775767] CALL get_game_card_art(args=('CULTIC',), kwargs={})
[2026-06-09 23:30:10.790948] CALL OK get_game_card_art
[2026-06-09 23:30:10.791348] CALL get_game_card_art(args=('Clair Obscur - Expedition 33',), kwargs={})
[2026-06-09 23:30:10.805950] CALL OK get_game_card_art
[2026-06-09 23:30:10.806349] CALL get_game_card_art(args=('Cyberpunk 2077',), kwargs={})
[2026-06-09 23:30:10.817823] CALL OK get_game_card_art
[2026-06-09 23:30:10.821666] CALL get_game_card_art(args=('Dead Island 2',), kwargs={})
[2026-06-09 23:30:10.836308] CALL OK get_game_card_art
[2026-06-09 23:30:10.842855] CALL get_game_card_art(args=('ENDER LILIES - Quietus of the Knights',), kwargs={})
[2026-06-09 23:30:10.858030] CALL OK get_game_card_art
[2026-06-09 23:30:10.859466] CALL get_game_card_art(args=('Fallout New Vegas',), kwargs={})
[2026-06-09 23:30:10.874783] CALL OK get_game_card_art
[2026-06-09 23:30:10.876399] CALL get_game_card_art(args=('Gabbys Dollhouse Ready To Party',), kwargs={})
[2026-06-09 23:30:10.890942] CALL OK get_game_card_art
[2026-06-09 23:30:10.891287] CALL get_game_card_art(args=('Hades II',), kwargs={})
[2026-06-09 23:30:10.906013] CALL OK get_game_card_art
[2026-06-09 23:30:10.906321] CALL get_game_card_art(args=('Hollow Knight Silksong',), kwargs={})
[2026-06-09 23:30:10.920674] CALL OK get_game_card_art
[2026-06-09 23:30:10.920972] CALL get_game_card_art(args=('It Takes Two',), kwargs={})
[2026-06-09 23:30:10.936070] CALL OK get_game_card_art
[2026-06-09 23:30:10.938025] CALL get_game_card_art(args=('LEGO Voyagers',), kwargs={})
[2026-06-09 23:30:10.953878] CALL OK get_game_card_art
[2026-06-09 23:30:10.957040] CALL get_game_card_art(args=('Life is Strange Remastered',), kwargs={})
[2026-06-09 23:30:10.972399] CALL OK get_game_card_art
[2026-06-09 23:30:10.973848] CALL get_game_card_art(args=('Little Nightmares Enhanced Edition',), kwargs={})
[2026-06-09 23:30:10.988626] CALL OK get_game_card_art
[2026-06-09 23:30:10.988930] CALL get_game_card_art(args=('NINJA GAIDEN - Ragebound',), kwargs={})
[2026-06-09 23:30:11.004530] CALL OK get_game_card_art
[2026-06-09 23:30:11.009601] CALL get_game_card_art(args=('Resident Evil 4',), kwargs={})
[2026-06-09 23:30:11.024552] CALL OK get_game_card_art
[2026-06-09 23:30:11.025733] CALL get_game_card_art(args=('Rise of the Tomb Raider',), kwargs={})
[2026-06-09 23:30:11.040827] CALL OK get_game_card_art
[2026-06-09 23:30:11.041996] CALL get_game_card_art(args=('Schedule I',), kwargs={})
[2026-06-09 23:30:11.057817] CALL OK get_game_card_art
[2026-06-09 23:30:11.061833] CALL get_game_card_art(args=('Split Fiction',), kwargs={})
[2026-06-09 23:30:11.078047] CALL OK get_game_card_art
[2026-06-09 23:30:11.085313] CALL get_game_card_art(args=('TEKKEN 8',), kwargs={})
[2026-06-09 23:30:11.101138] CALL OK get_game_card_art
[2026-06-09 23:30:11.104456] CALL get_game_card_art(args=('The Alters',), kwargs={})
[2026-06-09 23:30:11.120214] CALL OK get_game_card_art
[2026-06-09 23:30:11.124102] CALL get_game_card_art(args=('The Wolf Among Us',), kwargs={})
[2026-06-09 23:30:11.139183] CALL OK get_game_card_art
[2026-06-09 23:30:11.140651] CALL get_game_card_art(args=('Uncharted Legacy of Thieves Collection',), kwargs={})
[2026-06-09 23:30:11.159689] CALL OK get_game_card_art
[2026-06-09 23:30:13.415468] CALL list_proton_versions(args=(), kwargs={})
[2026-06-09 23:30:13.416220] CALL OK list_proton_versions
[2026-06-09 23:30:13.416541] CALL get_steam_shortcut(args=('Clair Obscur - Expedition 33',), kwargs={})
[2026-06-09 23:30:13.423185] CALL OK get_steam_shortcut
[2026-06-09 23:30:13.423455] CALL get_game_processing_state(args=('Clair Obscur - Expedition 33',), kwargs={})
[2026-06-09 23:30:13.423971] CALL OK get_game_processing_state
[2026-06-09 23:30:16.337598] CALL purge_steam_game_data(args=('Clair Obscur - Expedition 33',), kwargs={})
[2026-06-09 23:30:16.757224] CALL OK purge_steam_game_data
[2026-06-09 23:30:16.760011] CALL set_needs_restart(args=(True,), kwargs={})
[2026-06-09 23:30:16.760496] CALL OK set_needs_restart
[2026-06-09 23:30:19.585089] CALL get_games(args=(), kwargs={})
[2026-06-09 23:30:19.585533] CALL OK get_games
[2026-06-09 23:30:19.585806] CALL get_games_folder(args=(), kwargs={})
[2026-06-09 23:30:19.586000] CALL OK get_games_folder
[2026-06-09 23:30:19.593903] CALL get_game_card_art(args=('Abiotic Factor',), kwargs={})
[2026-06-09 23:30:19.602674] CALL OK get_game_card_art
[2026-06-09 23:30:19.602996] CALL get_game_card_art(args=('Baldurs Gate 3',), kwargs={})
[2026-06-09 23:30:19.612129] CALL OK get_game_card_art
[2026-06-09 23:30:19.612714] CALL get_game_card_art(args=('CULTIC',), kwargs={})
[2026-06-09 23:30:19.621125] CALL OK get_game_card_art
[2026-06-09 23:30:19.621331] CALL get_game_card_art(args=('Clair Obscur - Expedition 33',), kwargs={})
[2026-06-09 23:30:19.627631] CALL OK get_game_card_art
[2026-06-09 23:30:19.627866] CALL get_game_card_art(args=('Cyberpunk 2077',), kwargs={})
[2026-06-09 23:30:19.634352] CALL OK get_game_card_art
[2026-06-09 23:30:19.636172] CALL get_game_card_art(args=('Dead Island 2',), kwargs={})
[2026-06-09 23:30:19.642776] CALL OK get_game_card_art
[2026-06-09 23:30:19.645886] CALL get_game_card_art(args=('ENDER LILIES - Quietus of the Knights',), kwargs={})
[2026-06-09 23:30:19.652165] CALL OK get_game_card_art
[2026-06-09 23:30:19.652762] CALL get_game_card_art(args=('Fallout New Vegas',), kwargs={})
[2026-06-09 23:30:19.658836] CALL OK get_game_card_art
[2026-06-09 23:30:19.659518] CALL get_game_card_art(args=('Gabbys Dollhouse Ready To Party',), kwargs={})
[2026-06-09 23:30:19.665243] CALL OK get_game_card_art
[2026-06-09 23:30:19.665371] CALL get_game_card_art(args=('Hades II',), kwargs={})
[2026-06-09 23:30:19.671423] CALL OK get_game_card_art
[2026-06-09 23:30:19.671594] CALL get_game_card_art(args=('Hollow Knight Silksong',), kwargs={})
[2026-06-09 23:30:19.677394] CALL OK get_game_card_art
[2026-06-09 23:30:19.677551] CALL get_game_card_art(args=('It Takes Two',), kwargs={})
[2026-06-09 23:30:19.683776] CALL OK get_game_card_art
[2026-06-09 23:30:19.684569] CALL get_game_card_art(args=('LEGO Voyagers',), kwargs={})
[2026-06-09 23:30:19.690957] CALL OK get_game_card_art
[2026-06-09 23:30:19.692225] CALL get_game_card_art(args=('Life is Strange Remastered',), kwargs={})
[2026-06-09 23:30:19.698401] CALL OK get_game_card_art
[2026-06-09 23:30:19.698952] CALL get_game_card_art(args=('Little Nightmares Enhanced Edition',), kwargs={})
[2026-06-09 23:30:19.704878] CALL OK get_game_card_art
[2026-06-09 23:30:19.705027] CALL get_game_card_art(args=('NINJA GAIDEN - Ragebound',), kwargs={})
[2026-06-09 23:30:19.711479] CALL OK get_game_card_art
[2026-06-09 23:30:19.713594] CALL get_game_card_art(args=('Resident Evil 4',), kwargs={})
[2026-06-09 23:30:19.719846] CALL OK get_game_card_art
[2026-06-09 23:30:19.720319] CALL get_game_card_art(args=('Rise of the Tomb Raider',), kwargs={})
[2026-06-09 23:30:19.726437] CALL OK get_game_card_art
[2026-06-09 23:30:19.726962] CALL get_game_card_art(args=('Schedule I',), kwargs={})
[2026-06-09 23:30:19.733347] CALL OK get_game_card_art
[2026-06-09 23:30:19.735061] CALL get_game_card_art(args=('Split Fiction',), kwargs={})
[2026-06-09 23:30:19.741588] CALL OK get_game_card_art
[2026-06-09 23:30:19.744733] CALL get_game_card_art(args=('TEKKEN 8',), kwargs={})
[2026-06-09 23:30:19.750971] CALL OK get_game_card_art
[2026-06-09 23:30:19.752374] CALL get_game_card_art(args=('The Alters',), kwargs={})
[2026-06-09 23:30:19.758679] CALL OK get_game_card_art
[2026-06-09 23:30:19.760356] CALL get_game_card_art(args=('The Wolf Among Us',), kwargs={})
[2026-06-09 23:30:19.766435] CALL OK get_game_card_art
[2026-06-09 23:30:19.767130] CALL get_game_card_art(args=('Uncharted Legacy of Thieves Collection',), kwargs={})
[2026-06-09 23:30:19.774808] CALL OK get_game_card_art
[2026-06-09 23:30:19.785798] CALL list_nonsteam_games(args=(), kwargs={})
[2026-06-09 23:30:19.823362] CALL OK list_nonsteam_games
[2026-06-09 23:30:20.208918] CALL restart_steam(args=(), kwargs={})
[2026-06-09 23:30:23.394412] CALL OK restart_steam
[2026-06-09 23:30:58.591618] CALL get_needs_restart(args=(), kwargs={})
[2026-06-09 23:30:58.598956] CALL OK get_needs_restart
[2026-06-09 23:30:58.601289] CALL get_games(args=(), kwargs={})
[2026-06-09 23:30:58.602158] CALL OK get_games
[2026-06-09 23:30:58.602831] CALL get_games_folder(args=(), kwargs={})
[2026-06-09 23:30:58.603377] CALL OK get_games_folder
[2026-06-09 23:30:58.632557] CALL list_nonsteam_games(args=(), kwargs={})
[2026-06-09 23:30:58.720648] CALL OK list_nonsteam_games
[2026-06-09 23:30:58.722933] CALL get_game_card_art(args=('Abiotic Factor',), kwargs={})
[2026-06-09 23:30:58.737379] CALL OK get_game_card_art
[2026-06-09 23:30:58.737771] CALL get_game_card_art(args=('Baldurs Gate 3',), kwargs={})
[2026-06-09 23:30:58.751998] CALL OK get_game_card_art
[2026-06-09 23:30:58.752313] CALL get_game_card_art(args=('CULTIC',), kwargs={})
[2026-06-09 23:30:58.766582] CALL OK get_game_card_art
[2026-06-09 23:30:58.766816] CALL get_game_card_art(args=('Clair Obscur - Expedition 33',), kwargs={})
[2026-06-09 23:30:58.778735] CALL OK get_game_card_art
[2026-06-09 23:30:58.778958] CALL get_game_card_art(args=('Cyberpunk 2077',), kwargs={})
[2026-06-09 23:30:58.791586] CALL OK get_game_card_art
[2026-06-09 23:30:58.795162] CALL get_game_card_art(args=('Dead Island 2',), kwargs={})
[2026-06-09 23:30:58.809681] CALL OK get_game_card_art
[2026-06-09 23:30:58.816276] CALL get_game_card_art(args=('ENDER LILIES - Quietus of the Knights',), kwargs={})
[2026-06-09 23:30:58.831140] CALL OK get_game_card_art
[2026-06-09 23:30:58.832445] CALL get_game_card_art(args=('Fallout New Vegas',), kwargs={})
[2026-06-09 23:30:58.845897] CALL OK get_game_card_art
[2026-06-09 23:30:58.847712] CALL get_game_card_art(args=('Gabbys Dollhouse Ready To Party',), kwargs={})
[2026-06-09 23:30:58.861784] CALL OK get_game_card_art
[2026-06-09 23:30:58.862086] CALL get_game_card_art(args=('Hades II',), kwargs={})
[2026-06-09 23:30:58.876158] CALL OK get_game_card_art
[2026-06-09 23:30:58.876468] CALL get_game_card_art(args=('Hollow Knight Silksong',), kwargs={})
[2026-06-09 23:30:58.891486] CALL OK get_game_card_art
[2026-06-09 23:30:58.891795] CALL get_game_card_art(args=('It Takes Two',), kwargs={})
[2026-06-09 23:30:58.908664] CALL OK get_game_card_art
[2026-06-09 23:30:58.910540] CALL get_game_card_art(args=('LEGO Voyagers',), kwargs={})
[2026-06-09 23:30:58.924464] CALL OK get_game_card_art
[2026-06-09 23:30:58.928677] CALL get_game_card_art(args=('Life is Strange Remastered',), kwargs={})
[2026-06-09 23:30:58.943506] CALL OK get_game_card_art
[2026-06-09 23:30:58.944633] CALL get_game_card_art(args=('Little Nightmares Enhanced Edition',), kwargs={})
[2026-06-09 23:30:58.956747] CALL OK get_game_card_art
[2026-06-09 23:30:58.957068] CALL get_game_card_art(args=('NINJA GAIDEN - Ragebound',), kwargs={})
[2026-06-09 23:30:58.972822] CALL OK get_game_card_art
[2026-06-09 23:30:58.977370] CALL get_game_card_art(args=('Resident Evil 4',), kwargs={})
[2026-06-09 23:30:58.991033] CALL OK get_game_card_art
[2026-06-09 23:30:58.992315] CALL get_game_card_art(args=('Rise of the Tomb Raider',), kwargs={})
[2026-06-09 23:30:59.005863] CALL OK get_game_card_art
[2026-06-09 23:30:59.006864] CALL get_game_card_art(args=('Schedule I',), kwargs={})
[2026-06-09 23:30:59.020407] CALL OK get_game_card_art
[2026-06-09 23:30:59.025045] CALL get_game_card_art(args=('Split Fiction',), kwargs={})
[2026-06-09 23:30:59.042427] CALL OK get_game_card_art
[2026-06-09 23:30:59.049758] CALL get_game_card_art(args=('TEKKEN 8',), kwargs={})
[2026-06-09 23:30:59.064418] CALL OK get_game_card_art
[2026-06-09 23:30:59.067808] CALL get_game_card_art(args=('The Alters',), kwargs={})
[2026-06-09 23:30:59.081862] CALL OK get_game_card_art
[2026-06-09 23:30:59.085699] CALL get_game_card_art(args=('The Wolf Among Us',), kwargs={})
[2026-06-09 23:30:59.100926] CALL OK get_game_card_art
[2026-06-09 23:30:59.102476] CALL get_game_card_art(args=('Uncharted Legacy of Thieves Collection',), kwargs={})
[2026-06-09 23:30:59.122424] CALL OK get_game_card_art
[2026-06-09 23:31:02.847809] CALL list_proton_versions(args=(), kwargs={})
[2026-06-09 23:31:02.849539] CALL OK list_proton_versions
[2026-06-09 23:31:02.850123] CALL get_steam_shortcut(args=('Clair Obscur - Expedition 33',), kwargs={})
[2026-06-09 23:31:02.864722] CALL OK get_steam_shortcut
[2026-06-09 23:31:02.865091] CALL get_game_processing_state(args=('Clair Obscur - Expedition 33',), kwargs={})
[2026-06-09 23:31:02.865885] CALL OK get_game_processing_state
[2026-06-09 23:31:05.050775] CALL add_steam_shortcut(args=('Clair Obscur - Expedition 33/Expedition33_Steam.exe', 'Clair Obscur - Expedition 33', 'Clair Obscur - Expedition 33/', '', 'GE-Proton10-25'), kwargs={})
[2026-06-09 23:31:05.075124] add_steam_shortcut: app_id=-1069797399, proton_version='GE-Proton10-25', app_name=Clair Obscur - Expedition 33, exe=/home/deck/Games/Clair Obscur - Expedition 33/Expedition33_Steam.exe
[2026-06-09 23:31:05.076498] add_steam_shortcut: calling set_proton_version(app_id=-1069797399, proton='GE-Proton10-25', user=892854676)
[2026-06-09 23:31:05.254838] add_steam_shortcut: set_proton_version OK
[2026-06-09 23:31:05.254935] CALL OK add_steam_shortcut
[2026-06-09 23:31:05.258037] CALL set_needs_restart(args=(True,), kwargs={})
[2026-06-09 23:31:05.258722] CALL OK set_needs_restart
[2026-06-09 23:31:07.213432] CALL get_games(args=(), kwargs={})
[2026-06-09 23:31:07.214297] CALL OK get_games
[2026-06-09 23:31:07.214876] CALL get_games_folder(args=(), kwargs={})
[2026-06-09 23:31:07.215260] CALL OK get_games_folder
[2026-06-09 23:31:07.236264] CALL get_game_card_art(args=('Abiotic Factor',), kwargs={})
[2026-06-09 23:31:07.255686] CALL OK get_game_card_art
[2026-06-09 23:31:07.256802] CALL get_game_card_art(args=('Baldurs Gate 3',), kwargs={})
[2026-06-09 23:31:07.272289] CALL OK get_game_card_art
[2026-06-09 23:31:07.272617] CALL get_game_card_art(args=('CULTIC',), kwargs={})
[2026-06-09 23:31:07.288231] CALL OK get_game_card_art
[2026-06-09 23:31:07.288578] CALL get_game_card_art(args=('Clair Obscur - Expedition 33',), kwargs={})
[2026-06-09 23:31:07.304628] CALL OK get_game_card_art
[2026-06-09 23:31:07.304932] CALL get_game_card_art(args=('Cyberpunk 2077',), kwargs={})
[2026-06-09 23:31:07.322170] CALL OK get_game_card_art
[2026-06-09 23:31:07.326297] CALL get_game_card_art(args=('Dead Island 2',), kwargs={})
[2026-06-09 23:31:07.343985] CALL OK get_game_card_art
[2026-06-09 23:31:07.351488] CALL get_game_card_art(args=('ENDER LILIES - Quietus of the Knights',), kwargs={})
[2026-06-09 23:31:07.366363] CALL OK get_game_card_art
[2026-06-09 23:31:07.367757] CALL get_game_card_art(args=('Fallout New Vegas',), kwargs={})
[2026-06-09 23:31:07.381771] CALL OK get_game_card_art
[2026-06-09 23:31:07.383309] CALL get_game_card_art(args=('Gabbys Dollhouse Ready To Party',), kwargs={})
[2026-06-09 23:31:07.396527] CALL OK get_game_card_art
[2026-06-09 23:31:07.396790] CALL get_game_card_art(args=('Hades II',), kwargs={})
[2026-06-09 23:31:07.409605] CALL OK get_game_card_art
[2026-06-09 23:31:07.409880] CALL get_game_card_art(args=('Hollow Knight Silksong',), kwargs={})
[2026-06-09 23:31:07.421017] CALL OK get_game_card_art
[2026-06-09 23:31:07.421279] CALL get_game_card_art(args=('It Takes Two',), kwargs={})
[2026-06-09 23:31:07.432496] CALL OK get_game_card_art
[2026-06-09 23:31:07.433598] CALL get_game_card_art(args=('LEGO Voyagers',), kwargs={})
[2026-06-09 23:31:07.444609] CALL OK get_game_card_art
[2026-06-09 23:31:07.446825] CALL get_game_card_art(args=('Life is Strange Remastered',), kwargs={})
[2026-06-09 23:31:07.458697] CALL OK get_game_card_art
[2026-06-09 23:31:07.459845] CALL get_game_card_art(args=('Little Nightmares Enhanced Edition',), kwargs={})
[2026-06-09 23:31:07.470840] CALL OK get_game_card_art
[2026-06-09 23:31:07.471132] CALL get_game_card_art(args=('NINJA GAIDEN - Ragebound',), kwargs={})
[2026-06-09 23:31:07.483007] CALL OK get_game_card_art
[2026-06-09 23:31:07.487085] CALL get_game_card_art(args=('Resident Evil 4',), kwargs={})
[2026-06-09 23:31:07.500242] CALL OK get_game_card_art
[2026-06-09 23:31:07.501354] CALL get_game_card_art(args=('Rise of the Tomb Raider',), kwargs={})
[2026-06-09 23:31:07.515086] CALL OK get_game_card_art
[2026-06-09 23:31:07.515925] CALL get_game_card_art(args=('Schedule I',), kwargs={})
[2026-06-09 23:31:07.530232] CALL OK get_game_card_art
[2026-06-09 23:31:07.533661] CALL get_game_card_art(args=('Split Fiction',), kwargs={})
[2026-06-09 23:31:07.547379] CALL OK get_game_card_art
[2026-06-09 23:31:07.552802] CALL get_game_card_art(args=('TEKKEN 8',), kwargs={})
[2026-06-09 23:31:07.563701] CALL OK get_game_card_art
[2026-06-09 23:31:07.566322] CALL get_game_card_art(args=('The Alters',), kwargs={})
[2026-06-09 23:31:07.578259] CALL OK get_game_card_art
[2026-06-09 23:31:07.581480] CALL get_game_card_art(args=('The Wolf Among Us',), kwargs={})
[2026-06-09 23:31:07.594702] CALL OK get_game_card_art
[2026-06-09 23:31:07.596009] CALL get_game_card_art(args=('Uncharted Legacy of Thieves Collection',), kwargs={})
[2026-06-09 23:31:07.611935] CALL OK get_game_card_art
[2026-06-09 23:31:07.633260] CALL list_nonsteam_games(args=(), kwargs={})
[2026-06-09 23:31:07.710032] CALL OK list_nonsteam_games
[2026-06-09 23:31:07.877118] CALL restart_steam(args=(), kwargs={})
[2026-06-09 23:31:11.090560] CALL OK restart_steam
[2026-06-09 23:31:47.826632] CALL get_needs_restart(args=(), kwargs={})
[2026-06-09 23:31:47.827113] CALL OK get_needs_restart
[2026-06-09 23:31:47.827429] CALL get_games(args=(), kwargs={})
[2026-06-09 23:31:47.827998] CALL OK get_games
[2026-06-09 23:31:47.828425] CALL get_games_folder(args=(), kwargs={})
[2026-06-09 23:31:47.828717] CALL OK get_games_folder
[2026-06-09 23:31:47.852845] CALL list_nonsteam_games(args=(), kwargs={})
[2026-06-09 23:31:47.918558] CALL OK list_nonsteam_games
[2026-06-09 23:31:47.920158] CALL get_game_card_art(args=('Abiotic Factor',), kwargs={})
[2026-06-09 23:31:47.932916] CALL OK get_game_card_art
[2026-06-09 23:31:47.933187] CALL get_game_card_art(args=('Baldurs Gate 3',), kwargs={})
[2026-06-09 23:31:47.946046] CALL OK get_game_card_art
[2026-06-09 23:31:47.946352] CALL get_game_card_art(args=('CULTIC',), kwargs={})
[2026-06-09 23:31:47.957629] CALL OK get_game_card_art
[2026-06-09 23:31:47.957826] CALL get_game_card_art(args=('Clair Obscur - Expedition 33',), kwargs={})
[2026-06-09 23:31:47.966803] CALL OK get_game_card_art
[2026-06-09 23:31:47.967066] CALL get_game_card_art(args=('Cyberpunk 2077',), kwargs={})
[2026-06-09 23:31:47.976697] CALL OK get_game_card_art
[2026-06-09 23:31:47.978986] CALL get_game_card_art(args=('Dead Island 2',), kwargs={})
[2026-06-09 23:31:47.989162] CALL OK get_game_card_art
[2026-06-09 23:31:47.993726] CALL get_game_card_art(args=('ENDER LILIES - Quietus of the Knights',), kwargs={})
[2026-06-09 23:31:48.003697] CALL OK get_game_card_art
[2026-06-09 23:31:48.004713] CALL get_game_card_art(args=('Fallout New Vegas',), kwargs={})
[2026-06-09 23:31:48.015610] CALL OK get_game_card_art
[2026-06-09 23:31:48.016761] CALL get_game_card_art(args=('Gabbys Dollhouse Ready To Party',), kwargs={})
[2026-06-09 23:31:48.026979] CALL OK get_game_card_art
[2026-06-09 23:31:48.027201] CALL get_game_card_art(args=('Hades II',), kwargs={})
[2026-06-09 23:31:48.037159] CALL OK get_game_card_art
[2026-06-09 23:31:48.037448] CALL get_game_card_art(args=('Hollow Knight Silksong',), kwargs={})
[2026-06-09 23:31:48.047513] CALL OK get_game_card_art
[2026-06-09 23:31:48.047865] CALL get_game_card_art(args=('It Takes Two',), kwargs={})
[2026-06-09 23:31:48.058307] CALL OK get_game_card_art
[2026-06-09 23:31:48.059454] CALL get_game_card_art(args=('LEGO Voyagers',), kwargs={})
[2026-06-09 23:31:48.070633] CALL OK get_game_card_art
[2026-06-09 23:31:48.072863] CALL get_game_card_art(args=('Life is Strange Remastered',), kwargs={})
[2026-06-09 23:31:48.083320] CALL OK get_game_card_art
[2026-06-09 23:31:48.084341] CALL get_game_card_art(args=('Little Nightmares Enhanced Edition',), kwargs={})
[2026-06-09 23:31:48.094144] CALL OK get_game_card_art
[2026-06-09 23:31:48.094475] CALL get_game_card_art(args=('NINJA GAIDEN - Ragebound',), kwargs={})
[2026-06-09 23:31:48.105571] CALL OK get_game_card_art
[2026-06-09 23:31:48.108947] CALL get_game_card_art(args=('Resident Evil 4',), kwargs={})
[2026-06-09 23:31:48.118957] CALL OK get_game_card_art
[2026-06-09 23:31:48.119895] CALL get_game_card_art(args=('Rise of the Tomb Raider',), kwargs={})
[2026-06-09 23:31:48.129976] CALL OK get_game_card_art
[2026-06-09 23:31:48.130771] CALL get_game_card_art(args=('Schedule I',), kwargs={})
[2026-06-09 23:31:48.141419] CALL OK get_game_card_art
[2026-06-09 23:31:48.144059] CALL get_game_card_art(args=('Split Fiction',), kwargs={})
[2026-06-09 23:31:48.155613] CALL OK get_game_card_art
[2026-06-09 23:31:48.160734] CALL get_game_card_art(args=('TEKKEN 8',), kwargs={})
[2026-06-09 23:31:48.169585] CALL OK get_game_card_art
[2026-06-09 23:31:48.171436] CALL get_game_card_art(args=('The Alters',), kwargs={})
[2026-06-09 23:31:48.179327] CALL OK get_game_card_art
[2026-06-09 23:31:48.181198] CALL get_game_card_art(args=('The Wolf Among Us',), kwargs={})
[2026-06-09 23:31:48.188477] CALL OK get_game_card_art
[2026-06-09 23:31:48.189182] CALL get_game_card_art(args=('Uncharted Legacy of Thieves Collection',), kwargs={})
[2026-06-09 23:31:48.199657] CALL OK get_game_card_art
[2026-06-09 23:31:49.769666] CALL list_proton_versions(args=(), kwargs={})
[2026-06-09 23:31:49.770690] CALL OK list_proton_versions
[2026-06-09 23:31:49.771125] CALL get_steam_shortcut(args=('Clair Obscur - Expedition 33',), kwargs={})
[2026-06-09 23:31:49.780735] CALL OK get_steam_shortcut
[2026-06-09 23:31:49.781011] CALL get_game_processing_state(args=('Clair Obscur - Expedition 33',), kwargs={})
[2026-06-09 23:31:49.781601] CALL OK get_game_processing_state
[2026-06-09 23:31:52.313435] CALL set_game_processing_state(args=('Clair Obscur - Expedition 33', {'status': 'installing', 'deps': ['vcrun2022', 'd3dx9'], 'pfxid': '3225169897'}), kwargs={})
[2026-06-09 23:31:52.315071] CALL OK set_game_processing_state
[2026-06-09 23:31:52.315350] CALL install_dependencies(args=('3225169897', 'vcrun2022, d3dx9'), kwargs={})
[2026-06-09 23:33:00.926208] CALL OK install_dependencies
[2026-06-09 23:33:00.928449] CALL set_game_processing_state(args=('Clair Obscur - Expedition 33', None), kwargs={})
[2026-06-09 23:33:00.930667] CALL OK set_game_processing_state
[2026-06-09 23:43:49.361963] CALL get_needs_restart(args=(), kwargs={})
[2026-06-09 23:43:49.363043] CALL OK get_needs_restart
[2026-06-09 23:43:49.363567] CALL get_games(args=(), kwargs={})
[2026-06-09 23:43:49.364785] CALL OK get_games
[2026-06-09 23:43:49.365468] CALL get_games_folder(args=(), kwargs={})
[2026-06-09 23:43:49.366007] CALL OK get_games_folder
[2026-06-09 23:43:49.436876] CALL list_nonsteam_games(args=(), kwargs={})
[2026-06-09 23:43:49.523342] CALL OK list_nonsteam_games
[2026-06-09 23:43:49.525484] CALL get_game_card_art(args=('Abiotic Factor',), kwargs={})
[2026-06-09 23:43:49.540617] CALL OK get_game_card_art
[2026-06-09 23:43:49.541033] CALL get_game_card_art(args=('Baldurs Gate 3',), kwargs={})
[2026-06-09 23:43:49.557885] CALL OK get_game_card_art
[2026-06-09 23:43:49.558266] CALL get_game_card_art(args=('CULTIC',), kwargs={})
[2026-06-09 23:43:49.573665] CALL OK get_game_card_art
[2026-06-09 23:43:49.573981] CALL get_game_card_art(args=('Clair Obscur - Expedition 33',), kwargs={})
[2026-06-09 23:43:49.587978] CALL OK get_game_card_art
[2026-06-09 23:43:49.588331] CALL get_game_card_art(args=('Cyberpunk 2077',), kwargs={})
[2026-06-09 23:43:49.606681] CALL OK get_game_card_art
[2026-06-09 23:43:49.611396] CALL get_game_card_art(args=('Dead Island 2',), kwargs={})
[2026-06-09 23:43:49.633498] CALL OK get_game_card_art
[2026-06-09 23:43:49.642519] CALL get_game_card_art(args=('ENDER LILIES - Quietus of the Knights',), kwargs={})
[2026-06-09 23:43:49.663275] CALL OK get_game_card_art
[2026-06-09 23:43:49.665124] CALL get_game_card_art(args=('Fallout New Vegas',), kwargs={})
[2026-06-09 23:43:49.683992] CALL OK get_game_card_art
[2026-06-09 23:43:49.685591] CALL get_game_card_art(args=('Gabbys Dollhouse Ready To Party',), kwargs={})
[2026-06-09 23:43:49.703809] CALL OK get_game_card_art
[2026-06-09 23:43:49.704239] CALL get_game_card_art(args=('Hades II',), kwargs={})
[2026-06-09 23:43:49.723294] CALL OK get_game_card_art
[2026-06-09 23:43:49.723692] CALL get_game_card_art(args=('Hollow Knight Silksong',), kwargs={})
[2026-06-09 23:43:49.742971] CALL OK get_game_card_art
[2026-06-09 23:43:49.743387] CALL get_game_card_art(args=('It Takes Two',), kwargs={})
[2026-06-09 23:43:49.767812] CALL OK get_game_card_art
[2026-06-09 23:43:49.770105] CALL get_game_card_art(args=('LEGO Voyagers',), kwargs={})
[2026-06-09 23:43:49.792010] CALL OK get_game_card_art
[2026-06-09 23:43:49.796277] CALL get_game_card_art(args=('Life is Strange Remastered',), kwargs={})
[2026-06-09 23:43:49.816424] CALL OK get_game_card_art
[2026-06-09 23:43:49.818343] CALL get_game_card_art(args=('Little Nightmares Enhanced Edition',), kwargs={})
[2026-06-09 23:43:49.842734] CALL OK get_game_card_art
[2026-06-09 23:43:49.843228] CALL get_game_card_art(args=('NINJA GAIDEN - Ragebound',), kwargs={})
[2026-06-09 23:43:49.866778] CALL OK get_game_card_art
[2026-06-09 23:43:49.873206] CALL get_game_card_art(args=('Resident Evil 4',), kwargs={})
[2026-06-09 23:43:49.897386] CALL OK get_game_card_art
[2026-06-09 23:43:49.898801] CALL get_game_card_art(args=('Rise of the Tomb Raider',), kwargs={})
[2026-06-09 23:43:49.916614] CALL OK get_game_card_art
[2026-06-09 23:43:49.918160] CALL get_game_card_art(args=('Schedule I',), kwargs={})
[2026-06-09 23:43:49.938800] CALL OK get_game_card_art
[2026-06-09 23:43:49.943922] CALL get_game_card_art(args=('Split Fiction',), kwargs={})
[2026-06-09 23:43:49.971138] CALL OK get_game_card_art
[2026-06-09 23:43:49.980714] CALL get_game_card_art(args=('TEKKEN 8',), kwargs={})
[2026-06-09 23:43:50.001047] CALL OK get_game_card_art
[2026-06-09 23:43:50.004648] CALL get_game_card_art(args=('The Alters',), kwargs={})
[2026-06-09 23:43:50.021610] CALL OK get_game_card_art
[2026-06-09 23:43:50.025864] CALL get_game_card_art(args=('The Wolf Among Us',), kwargs={})
[2026-06-09 23:43:50.041734] CALL OK get_game_card_art
[2026-06-09 23:43:50.043092] CALL get_game_card_art(args=('Uncharted Legacy of Thieves Collection',), kwargs={})
[2026-06-09 23:43:50.059314] CALL OK get_game_card_art
[2026-06-09 23:43:52.145163] CALL list_proton_versions(args=(), kwargs={})
[2026-06-09 23:43:52.148837] CALL OK list_proton_versions
[2026-06-09 23:43:52.150424] CALL get_steam_shortcut(args=('Clair Obscur - Expedition 33',), kwargs={})
[2026-06-09 23:43:52.167572] CALL OK get_steam_shortcut
[2026-06-09 23:43:52.167862] CALL get_game_processing_state(args=('Clair Obscur - Expedition 33',), kwargs={})
[2026-06-09 23:43:52.168696] CALL OK get_game_processing_state
[2026-06-09 23:43:58.332747] CALL init_prefix(args=(-1069797399, 'GE-Proton10-25', False), kwargs={})
[2026-06-09 23:43:58.423657] CALL OK init_prefix
[2026-06-09 23:44:00.014396] CALL init_prefix(args=(-1069797399, 'GE-Proton10-25', True), kwargs={})
[2026-06-09 23:44:10.362941] CALL OK init_prefix
[2026-06-09 23:46:18.180336] CALL get_needs_restart(args=(), kwargs={})
[2026-06-09 23:46:18.187693] CALL OK get_needs_restart
[2026-06-09 23:46:18.188226] CALL get_games(args=(), kwargs={})
[2026-06-09 23:46:18.191591] CALL OK get_games
[2026-06-09 23:46:18.193394] CALL get_games_folder(args=(), kwargs={})
[2026-06-09 23:46:18.193940] CALL OK get_games_folder
[2026-06-09 23:46:18.281100] CALL list_nonsteam_games(args=(), kwargs={})
[2026-06-09 23:46:18.403466] CALL OK list_nonsteam_games
[2026-06-09 23:46:18.407413] CALL get_game_card_art(args=('Abiotic Factor',), kwargs={})
[2026-06-09 23:46:18.427044] CALL OK get_game_card_art
[2026-06-09 23:46:18.427413] CALL get_game_card_art(args=('Baldurs Gate 3',), kwargs={})
[2026-06-09 23:46:18.445643] CALL OK get_game_card_art
[2026-06-09 23:46:18.446027] CALL get_game_card_art(args=('CULTIC',), kwargs={})
[2026-06-09 23:46:18.467587] CALL OK get_game_card_art
[2026-06-09 23:46:18.468017] CALL get_game_card_art(args=('Clair Obscur - Expedition 33',), kwargs={})
[2026-06-09 23:46:18.486673] CALL OK get_game_card_art
[2026-06-09 23:46:18.486955] CALL get_game_card_art(args=('Cyberpunk 2077',), kwargs={})
[2026-06-09 23:46:18.502965] CALL OK get_game_card_art
[2026-06-09 23:46:18.506755] CALL get_game_card_art(args=('Dead Island 2',), kwargs={})
[2026-06-09 23:46:18.520666] CALL OK get_game_card_art
[2026-06-09 23:46:18.526619] CALL get_game_card_art(args=('ENDER LILIES - Quietus of the Knights',), kwargs={})
[2026-06-09 23:46:18.538814] CALL OK get_game_card_art
[2026-06-09 23:46:18.540145] CALL get_game_card_art(args=('Fallout New Vegas',), kwargs={})
[2026-06-09 23:46:18.553078] CALL OK get_game_card_art
[2026-06-09 23:46:18.554711] CALL get_game_card_art(args=('Gabbys Dollhouse Ready To Party',), kwargs={})
[2026-06-09 23:46:18.568381] CALL OK get_game_card_art
[2026-06-09 23:46:18.568973] CALL get_game_card_art(args=('Hades II',), kwargs={})
[2026-06-09 23:46:18.582301] CALL OK get_game_card_art
[2026-06-09 23:46:18.582583] CALL get_game_card_art(args=('Hollow Knight Silksong',), kwargs={})
[2026-06-09 23:46:18.595933] CALL OK get_game_card_art
[2026-06-09 23:46:18.596272] CALL get_game_card_art(args=('It Takes Two',), kwargs={})
[2026-06-09 23:46:18.611217] CALL OK get_game_card_art
[2026-06-09 23:46:18.612759] CALL get_game_card_art(args=('LEGO Voyagers',), kwargs={})
[2026-06-09 23:46:18.627092] CALL OK get_game_card_art
[2026-06-09 23:46:18.629994] CALL get_game_card_art(args=('Life is Strange Remastered',), kwargs={})
[2026-06-09 23:46:18.644090] CALL OK get_game_card_art
[2026-06-09 23:46:18.645703] CALL get_game_card_art(args=('Little Nightmares Enhanced Edition',), kwargs={})
[2026-06-09 23:46:18.659475] CALL OK get_game_card_art
[2026-06-09 23:46:18.659798] CALL get_game_card_art(args=('NINJA GAIDEN - Ragebound',), kwargs={})
[2026-06-09 23:46:18.676144] CALL OK get_game_card_art
[2026-06-09 23:46:18.681068] CALL get_game_card_art(args=('Resident Evil 4',), kwargs={})
[2026-06-09 23:46:18.696706] CALL OK get_game_card_art
[2026-06-09 23:46:18.698007] CALL get_game_card_art(args=('Rise of the Tomb Raider',), kwargs={})
[2026-06-09 23:46:18.717322] CALL OK get_game_card_art
[2026-06-09 23:46:18.719034] CALL get_game_card_art(args=('Schedule I',), kwargs={})
[2026-06-09 23:46:18.743224] CALL OK get_game_card_art
[2026-06-09 23:46:18.748168] CALL get_game_card_art(args=('Split Fiction',), kwargs={})
[2026-06-09 23:46:18.769781] CALL OK get_game_card_art
[2026-06-09 23:46:18.779862] CALL get_game_card_art(args=('TEKKEN 8',), kwargs={})
[2026-06-09 23:46:18.800289] CALL OK get_game_card_art
[2026-06-09 23:46:18.804298] CALL get_game_card_art(args=('The Alters',), kwargs={})
[2026-06-09 23:46:18.823767] CALL OK get_game_card_art
[2026-06-09 23:46:18.828207] CALL get_game_card_art(args=('The Wolf Among Us',), kwargs={})
[2026-06-09 23:46:18.848842] CALL OK get_game_card_art
[2026-06-09 23:46:18.850929] CALL get_game_card_art(args=('Uncharted Legacy of Thieves Collection',), kwargs={})
[2026-06-09 23:46:18.876779] CALL OK get_game_card_art
[2026-06-09 23:46:20.552141] CALL list_proton_versions(args=(), kwargs={})
[2026-06-09 23:46:20.554214] CALL OK list_proton_versions
[2026-06-09 23:46:20.555558] CALL get_steam_shortcut(args=('Clair Obscur - Expedition 33',), kwargs={})
[2026-06-09 23:46:20.567591] CALL OK get_steam_shortcut
[2026-06-09 23:46:20.568006] CALL get_game_processing_state(args=('Clair Obscur - Expedition 33',), kwargs={})
[2026-06-09 23:46:20.568961] CALL OK get_game_processing_state
[2026-06-09 23:46:24.062238] CALL init_prefix(args=(-1069797399, 'GE-Proton10-25', True), kwargs={})
[2026-06-09 23:46:36.142104] CALL OK init_prefix
[2026-06-09 23:46:36.142674] CALL get_needs_restart(args=(), kwargs={})
[2026-06-09 23:46:36.143136] CALL OK get_needs_restart
[2026-06-09 23:46:36.143331] CALL get_games(args=(), kwargs={})
[2026-06-09 23:46:36.143991] CALL OK get_games
[2026-06-09 23:46:36.144626] CALL get_games_folder(args=(), kwargs={})
[2026-06-09 23:46:36.145074] CALL OK get_games_folder
[2026-06-09 23:46:36.159478] CALL list_nonsteam_games(args=(), kwargs={})
[2026-06-09 23:46:36.218514] CALL OK list_nonsteam_games
[2026-06-09 23:46:36.219318] CALL get_game_card_art(args=('Abiotic Factor',), kwargs={})
[2026-06-09 23:46:36.226436] CALL OK get_game_card_art
[2026-06-09 23:46:36.227537] CALL get_game_card_art(args=('Baldurs Gate 3',), kwargs={})
[2026-06-09 23:46:36.235531] CALL OK get_game_card_art
[2026-06-09 23:46:36.235747] CALL get_game_card_art(args=('CULTIC',), kwargs={})
[2026-06-09 23:46:36.243081] CALL OK get_game_card_art
[2026-06-09 23:46:36.243252] CALL get_game_card_art(args=('Clair Obscur - Expedition 33',), kwargs={})
[2026-06-09 23:46:36.251086] CALL OK get_game_card_art
[2026-06-09 23:46:36.252047] CALL get_game_card_art(args=('Cyberpunk 2077',), kwargs={})
[2026-06-09 23:46:36.259150] CALL OK get_game_card_art
[2026-06-09 23:46:36.260894] CALL get_game_card_art(args=('Dead Island 2',), kwargs={})
[2026-06-09 23:46:36.267974] CALL OK get_game_card_art
[2026-06-09 23:46:36.271548] CALL get_game_card_art(args=('ENDER LILIES - Quietus of the Knights',), kwargs={})
[2026-06-09 23:46:36.279009] CALL OK get_game_card_art
[2026-06-09 23:46:36.279756] CALL get_game_card_art(args=('Fallout New Vegas',), kwargs={})
[2026-06-09 23:46:36.287237] CALL OK get_game_card_art
[2026-06-09 23:46:36.288129] CALL get_game_card_art(args=('Gabbys Dollhouse Ready To Party',), kwargs={})
[2026-06-09 23:46:36.295395] CALL OK get_game_card_art
[2026-06-09 23:46:36.295591] CALL get_game_card_art(args=('Hades II',), kwargs={})
[2026-06-09 23:46:36.302805] CALL OK get_game_card_art
[2026-06-09 23:46:36.302974] CALL get_game_card_art(args=('Hollow Knight Silksong',), kwargs={})
[2026-06-09 23:46:36.310255] CALL OK get_game_card_art
[2026-06-09 23:46:36.310435] CALL get_game_card_art(args=('It Takes Two',), kwargs={})
[2026-06-09 23:46:36.319481] CALL OK get_game_card_art
[2026-06-09 23:46:36.321134] CALL get_game_card_art(args=('LEGO Voyagers',), kwargs={})
[2026-06-09 23:46:36.332286] CALL OK get_game_card_art
[2026-06-09 23:46:36.334647] CALL get_game_card_art(args=('Life is Strange Remastered',), kwargs={})
[2026-06-09 23:46:36.345014] CALL OK get_game_card_art
[2026-06-09 23:46:36.345763] CALL get_game_card_art(args=('Little Nightmares Enhanced Edition',), kwargs={})
[2026-06-09 23:46:36.354164] CALL OK get_game_card_art
[2026-06-09 23:46:36.354372] CALL get_game_card_art(args=('NINJA GAIDEN - Ragebound',), kwargs={})
[2026-06-09 23:46:36.363400] CALL OK get_game_card_art
[2026-06-09 23:46:36.366100] CALL get_game_card_art(args=('Resident Evil 4',), kwargs={})
[2026-06-09 23:46:36.373571] CALL OK get_game_card_art
[2026-06-09 23:46:36.374325] CALL get_game_card_art(args=('Rise of the Tomb Raider',), kwargs={})
[2026-06-09 23:46:36.380727] CALL OK get_game_card_art
[2026-06-09 23:46:36.381286] CALL get_game_card_art(args=('Schedule I',), kwargs={})
[2026-06-09 23:46:36.387943] CALL OK get_game_card_art
[2026-06-09 23:46:36.389738] CALL get_game_card_art(args=('Split Fiction',), kwargs={})
[2026-06-09 23:46:36.396486] CALL OK get_game_card_art
[2026-06-09 23:46:36.399565] CALL get_game_card_art(args=('TEKKEN 8',), kwargs={})
[2026-06-09 23:46:36.406061] CALL OK get_game_card_art
[2026-06-09 23:46:36.407368] CALL get_game_card_art(args=('The Alters',), kwargs={})
[2026-06-09 23:46:36.413371] CALL OK get_game_card_art
[2026-06-09 23:46:36.414934] CALL get_game_card_art(args=('The Wolf Among Us',), kwargs={})
[2026-06-09 23:46:36.421059] CALL OK get_game_card_art
[2026-06-09 23:46:36.421624] CALL get_game_card_art(args=('Uncharted Legacy of Thieves Collection',), kwargs={})
[2026-06-09 23:46:36.428961] CALL OK get_game_card_art
[2026-06-09 23:46:39.646818] CALL list_proton_versions(args=(), kwargs={})
[2026-06-09 23:46:39.648086] CALL OK list_proton_versions
[2026-06-09 23:46:39.648529] CALL get_steam_shortcut(args=('Clair Obscur - Expedition 33',), kwargs={})
[2026-06-09 23:46:39.660450] CALL OK get_steam_shortcut
[2026-06-09 23:46:39.661022] CALL get_game_processing_state(args=('Clair Obscur - Expedition 33',), kwargs={})
[2026-06-09 23:46:39.661780] CALL OK get_game_processing_state
[2026-06-09 23:52:55.930104] CALL get_needs_restart(args=(), kwargs={})
[2026-06-09 23:52:55.933580] CALL OK get_needs_restart
[2026-06-09 23:52:55.934284] CALL get_games(args=(), kwargs={})
[2026-06-09 23:52:55.935535] CALL OK get_games
[2026-06-09 23:52:55.936736] CALL get_games_folder(args=(), kwargs={})
[2026-06-09 23:52:55.937017] CALL OK get_games_folder
[2026-06-09 23:52:55.971948] CALL list_nonsteam_games(args=(), kwargs={})
[2026-06-09 23:52:56.058122] CALL OK list_nonsteam_games
[2026-06-09 23:52:56.059504] CALL get_game_card_art(args=('Abiotic Factor',), kwargs={})
[2026-06-09 23:52:56.074264] CALL OK get_game_card_art
[2026-06-09 23:52:56.074827] CALL get_game_card_art(args=('Baldurs Gate 3',), kwargs={})
[2026-06-09 23:52:56.087979] CALL OK get_game_card_art
[2026-06-09 23:52:56.088285] CALL get_game_card_art(args=('CULTIC',), kwargs={})
[2026-06-09 23:52:56.099837] CALL OK get_game_card_art
[2026-06-09 23:52:56.100083] CALL get_game_card_art(args=('Clair Obscur - Expedition 33',), kwargs={})
[2026-06-09 23:52:56.111500] CALL OK get_game_card_art
[2026-06-09 23:52:56.111747] CALL get_game_card_art(args=('Cyberpunk 2077',), kwargs={})
[2026-06-09 23:52:56.125368] CALL OK get_game_card_art
[2026-06-09 23:52:56.128534] CALL get_game_card_art(args=('Dead Island 2',), kwargs={})
[2026-06-09 23:52:56.142812] CALL OK get_game_card_art
[2026-06-09 23:52:56.149382] CALL get_game_card_art(args=('ENDER LILIES - Quietus of the Knights',), kwargs={})
[2026-06-09 23:52:56.162334] CALL OK get_game_card_art
[2026-06-09 23:52:56.163410] CALL get_game_card_art(args=('Fallout New Vegas',), kwargs={})
[2026-06-09 23:52:56.175696] CALL OK get_game_card_art
[2026-06-09 23:52:56.176850] CALL get_game_card_art(args=('Gabbys Dollhouse Ready To Party',), kwargs={})
[2026-06-09 23:52:56.186949] CALL OK get_game_card_art
[2026-06-09 23:52:56.187172] CALL get_game_card_art(args=('Hades II',), kwargs={})
[2026-06-09 23:52:56.198580] CALL OK get_game_card_art
[2026-06-09 23:52:56.198813] CALL get_game_card_art(args=('Hollow Knight Silksong',), kwargs={})
[2026-06-09 23:52:56.209172] CALL OK get_game_card_art
[2026-06-09 23:52:56.209477] CALL get_game_card_art(args=('It Takes Two',), kwargs={})
[2026-06-09 23:52:56.222049] CALL OK get_game_card_art
[2026-06-09 23:52:56.223546] CALL get_game_card_art(args=('LEGO Voyagers',), kwargs={})
[2026-06-09 23:52:56.235459] CALL OK get_game_card_art
[2026-06-09 23:52:56.237830] CALL get_game_card_art(args=('Life is Strange Remastered',), kwargs={})
[2026-06-09 23:52:56.251371] CALL OK get_game_card_art
[2026-06-09 23:52:56.252369] CALL get_game_card_art(args=('Little Nightmares Enhanced Edition',), kwargs={})
[2026-06-09 23:52:56.263650] CALL OK get_game_card_art
[2026-06-09 23:52:56.263951] CALL get_game_card_art(args=('NINJA GAIDEN - Ragebound',), kwargs={})
[2026-06-09 23:52:56.276989] CALL OK get_game_card_art
[2026-06-09 23:52:56.281828] CALL get_game_card_art(args=('Resident Evil 4',), kwargs={})
[2026-06-09 23:52:56.294693] CALL OK get_game_card_art
[2026-06-09 23:52:56.295530] CALL get_game_card_art(args=('Rise of the Tomb Raider',), kwargs={})
[2026-06-09 23:52:56.306920] CALL OK get_game_card_art
[2026-06-09 23:52:56.307855] CALL get_game_card_art(args=('Schedule I',), kwargs={})
[2026-06-09 23:52:56.320668] CALL OK get_game_card_art
[2026-06-09 23:52:56.324222] CALL get_game_card_art(args=('Split Fiction',), kwargs={})
[2026-06-09 23:52:56.338900] CALL OK get_game_card_art
[2026-06-09 23:52:56.344612] CALL get_game_card_art(args=('TEKKEN 8',), kwargs={})
[2026-06-09 23:52:56.357665] CALL OK get_game_card_art
[2026-06-09 23:52:56.360296] CALL get_game_card_art(args=('The Alters',), kwargs={})
[2026-06-09 23:52:56.371242] CALL OK get_game_card_art
[2026-06-09 23:52:56.373353] CALL get_game_card_art(args=('The Wolf Among Us',), kwargs={})
[2026-06-09 23:52:56.381007] CALL OK get_game_card_art
[2026-06-09 23:52:56.381710] CALL get_game_card_art(args=('Uncharted Legacy of Thieves Collection',), kwargs={})
[2026-06-09 23:52:56.391421] CALL OK get_game_card_art
[2026-06-09 23:52:57.934923] CALL list_proton_versions(args=(), kwargs={})
[2026-06-09 23:52:57.936701] CALL OK list_proton_versions
[2026-06-09 23:52:57.937296] CALL get_steam_shortcut(args=('Clair Obscur - Expedition 33',), kwargs={})
[2026-06-09 23:52:57.945924] CALL OK get_steam_shortcut
[2026-06-09 23:52:57.946238] CALL get_game_processing_state(args=('Clair Obscur - Expedition 33',), kwargs={})
[2026-06-09 23:52:57.946830] CALL OK get_game_processing_state
[2026-06-09 23:53:00.966275] CALL init_prefix(args=(-1069797399, 'GE-Proton10-25', True), kwargs={})
[2026-06-09 23:53:11.503956] CALL OK init_prefix
[2026-06-10 00:05:56.363036] CALL get_needs_restart(args=(), kwargs={})
[2026-06-10 00:05:56.366518] CALL OK get_needs_restart
[2026-06-10 00:05:56.367451] CALL get_games(args=(), kwargs={})
[2026-06-10 00:05:56.368958] CALL OK get_games
[2026-06-10 00:05:56.369725] CALL get_games_folder(args=(), kwargs={})
[2026-06-10 00:05:56.370054] CALL OK get_games_folder
[2026-06-10 00:05:56.406140] CALL list_nonsteam_games(args=(), kwargs={})
[2026-06-10 00:05:56.505738] CALL OK list_nonsteam_games
[2026-06-10 00:05:56.507596] CALL get_game_card_art(args=('Abiotic Factor',), kwargs={})
[2026-06-10 00:05:56.522756] CALL OK get_game_card_art
[2026-06-10 00:05:56.522994] CALL get_game_card_art(args=('Baldurs Gate 3',), kwargs={})
[2026-06-10 00:05:56.536109] CALL OK get_game_card_art
[2026-06-10 00:05:56.536717] CALL get_game_card_art(args=('CULTIC',), kwargs={})
[2026-06-10 00:05:56.556512] CALL OK get_game_card_art
[2026-06-10 00:05:56.556880] CALL get_game_card_art(args=('Clair Obscur - Expedition 33',), kwargs={})
[2026-06-10 00:05:56.579875] CALL OK get_game_card_art
[2026-06-10 00:05:56.580180] CALL get_game_card_art(args=('Cyberpunk 2077',), kwargs={})
[2026-06-10 00:05:56.604975] CALL OK get_game_card_art
[2026-06-10 00:05:56.609500] CALL get_game_card_art(args=('Dead Island 2',), kwargs={})
[2026-06-10 00:05:56.641255] CALL OK get_game_card_art
[2026-06-10 00:05:56.649221] CALL get_game_card_art(args=('ENDER LILIES - Quietus of the Knights',), kwargs={})
[2026-06-10 00:05:56.665354] CALL OK get_game_card_art
[2026-06-10 00:05:56.667126] CALL get_game_card_art(args=('Fallout New Vegas',), kwargs={})
[2026-06-10 00:05:56.683852] CALL OK get_game_card_art
[2026-06-10 00:05:56.685406] CALL get_game_card_art(args=('Gabbys Dollhouse Ready To Party',), kwargs={})
[2026-06-10 00:05:56.702720] CALL OK get_game_card_art
[2026-06-10 00:05:56.703117] CALL get_game_card_art(args=('Hades II',), kwargs={})
[2026-06-10 00:05:56.723664] CALL OK get_game_card_art
[2026-06-10 00:05:56.724086] CALL get_game_card_art(args=('Hollow Knight Silksong',), kwargs={})
[2026-06-10 00:05:56.741028] CALL OK get_game_card_art
[2026-06-10 00:05:56.742116] CALL get_game_card_art(args=('It Takes Two',), kwargs={})
[2026-06-10 00:05:56.755976] CALL OK get_game_card_art
[2026-06-10 00:05:56.757685] CALL get_game_card_art(args=('LEGO Voyagers',), kwargs={})
[2026-06-10 00:05:56.770016] CALL OK get_game_card_art
[2026-06-10 00:05:56.772959] CALL get_game_card_art(args=('Life is Strange Remastered',), kwargs={})
[2026-06-10 00:05:56.786001] CALL OK get_game_card_art
[2026-06-10 00:05:56.786986] CALL get_game_card_art(args=('Little Nightmares Enhanced Edition',), kwargs={})
[2026-06-10 00:05:56.798116] CALL OK get_game_card_art
[2026-06-10 00:05:56.798354] CALL get_game_card_art(args=('NINJA GAIDEN - Ragebound',), kwargs={})
[2026-06-10 00:05:56.812233] CALL OK get_game_card_art
[2026-06-10 00:05:56.816815] CALL get_game_card_art(args=('Resident Evil 4',), kwargs={})
[2026-06-10 00:05:56.830178] CALL OK get_game_card_art
[2026-06-10 00:05:56.831312] CALL get_game_card_art(args=('Rise of the Tomb Raider',), kwargs={})
[2026-06-10 00:05:56.847269] CALL OK get_game_card_art
[2026-06-10 00:05:56.848892] CALL get_game_card_art(args=('Schedule I',), kwargs={})
[2026-06-10 00:05:56.863917] CALL OK get_game_card_art
[2026-06-10 00:05:56.867454] CALL get_game_card_art(args=('Split Fiction',), kwargs={})
[2026-06-10 00:05:56.882143] CALL OK get_game_card_art
[2026-06-10 00:05:56.888115] CALL get_game_card_art(args=('TEKKEN 8',), kwargs={})
[2026-06-10 00:05:56.901328] CALL OK get_game_card_art
[2026-06-10 00:05:56.904189] CALL get_game_card_art(args=('The Alters',), kwargs={})
[2026-06-10 00:05:56.917184] CALL OK get_game_card_art
[2026-06-10 00:05:56.920512] CALL get_game_card_art(args=('The Wolf Among Us',), kwargs={})
[2026-06-10 00:05:56.932137] CALL OK get_game_card_art
[2026-06-10 00:05:56.933231] CALL get_game_card_art(args=('Uncharted Legacy of Thieves Collection',), kwargs={})
[2026-06-10 00:05:56.953920] CALL OK get_game_card_art
[2026-06-10 00:05:58.416644] CALL list_proton_versions(args=(), kwargs={})
[2026-06-10 00:05:58.419986] CALL OK list_proton_versions
[2026-06-10 00:05:58.420214] CALL get_steam_shortcut(args=('Clair Obscur - Expedition 33',), kwargs={})
[2026-06-10 00:05:58.427104] CALL OK get_steam_shortcut
[2026-06-10 00:05:58.427500] CALL get_game_processing_state(args=('Clair Obscur - Expedition 33',), kwargs={})
[2026-06-10 00:05:58.427858] CALL OK get_game_processing_state
[2026-06-10 00:06:03.220068] CALL purge_steam_game_data(args=('Clair Obscur - Expedition 33',), kwargs={})
[2026-06-10 00:06:03.603043] CALL OK purge_steam_game_data
[2026-06-10 00:06:03.605580] CALL set_needs_restart(args=(True,), kwargs={})
[2026-06-10 00:06:03.607723] CALL OK set_needs_restart
[2026-06-10 00:06:04.804265] CALL get_games(args=(), kwargs={})
[2026-06-10 00:06:04.804796] CALL OK get_games
[2026-06-10 00:06:04.805289] CALL get_games_folder(args=(), kwargs={})
[2026-06-10 00:06:04.805586] CALL OK get_games_folder
[2026-06-10 00:06:04.810013] CALL get_game_card_art(args=('Abiotic Factor',), kwargs={})
[2026-06-10 00:06:04.820798] CALL OK get_game_card_art
[2026-06-10 00:06:04.821732] CALL get_game_card_art(args=('Baldurs Gate 3',), kwargs={})
[2026-06-10 00:06:04.832634] CALL OK get_game_card_art
[2026-06-10 00:06:04.832901] CALL get_game_card_art(args=('CULTIC',), kwargs={})
[2026-06-10 00:06:04.843409] CALL OK get_game_card_art
[2026-06-10 00:06:04.843693] CALL get_game_card_art(args=('Clair Obscur - Expedition 33',), kwargs={})
[2026-06-10 00:06:04.854320] CALL OK get_game_card_art
[2026-06-10 00:06:04.854556] CALL get_game_card_art(args=('Cyberpunk 2077',), kwargs={})
[2026-06-10 00:06:04.866599] CALL OK get_game_card_art
[2026-06-10 00:06:04.869413] CALL get_game_card_art(args=('Dead Island 2',), kwargs={})
[2026-06-10 00:06:04.879490] CALL OK get_game_card_art
[2026-06-10 00:06:04.883415] CALL get_game_card_art(args=('ENDER LILIES - Quietus of the Knights',), kwargs={})
[2026-06-10 00:06:04.890631] CALL OK get_game_card_art
[2026-06-10 00:06:04.891584] CALL get_game_card_art(args=('Fallout New Vegas',), kwargs={})
[2026-06-10 00:06:04.899999] CALL OK get_game_card_art
[2026-06-10 00:06:04.900832] CALL get_game_card_art(args=('Gabbys Dollhouse Ready To Party',), kwargs={})
[2026-06-10 00:06:04.907480] CALL OK get_game_card_art
[2026-06-10 00:06:04.907658] CALL get_game_card_art(args=('Hades II',), kwargs={})
[2026-06-10 00:06:04.914391] CALL OK get_game_card_art
[2026-06-10 00:06:04.914552] CALL get_game_card_art(args=('Hollow Knight Silksong',), kwargs={})
[2026-06-10 00:06:04.921110] CALL OK get_game_card_art
[2026-06-10 00:06:04.921321] CALL get_game_card_art(args=('It Takes Two',), kwargs={})
[2026-06-10 00:06:04.928751] CALL OK get_game_card_art
[2026-06-10 00:06:04.929819] CALL get_game_card_art(args=('LEGO Voyagers',), kwargs={})
[2026-06-10 00:06:04.937453] CALL OK get_game_card_art
[2026-06-10 00:06:04.939018] CALL get_game_card_art(args=('Life is Strange Remastered',), kwargs={})
[2026-06-10 00:06:04.946065] CALL OK get_game_card_art
[2026-06-10 00:06:04.946743] CALL get_game_card_art(args=('Little Nightmares Enhanced Edition',), kwargs={})
[2026-06-10 00:06:04.953729] CALL OK get_game_card_art
[2026-06-10 00:06:04.954050] CALL get_game_card_art(args=('NINJA GAIDEN - Ragebound',), kwargs={})
[2026-06-10 00:06:04.961711] CALL OK get_game_card_art
[2026-06-10 00:06:04.964529] CALL get_game_card_art(args=('Resident Evil 4',), kwargs={})
[2026-06-10 00:06:04.970952] CALL OK get_game_card_art
[2026-06-10 00:06:04.971730] CALL get_game_card_art(args=('Rise of the Tomb Raider',), kwargs={})
[2026-06-10 00:06:04.978081] CALL OK get_game_card_art
[2026-06-10 00:06:04.978598] CALL get_game_card_art(args=('Schedule I',), kwargs={})
[2026-06-10 00:06:04.985705] CALL OK get_game_card_art
[2026-06-10 00:06:04.987620] CALL get_game_card_art(args=('Split Fiction',), kwargs={})
[2026-06-10 00:06:04.995265] CALL OK get_game_card_art
[2026-06-10 00:06:04.998652] CALL get_game_card_art(args=('TEKKEN 8',), kwargs={})
[2026-06-10 00:06:05.005526] CALL OK get_game_card_art
[2026-06-10 00:06:05.007020] CALL get_game_card_art(args=('The Alters',), kwargs={})
[2026-06-10 00:06:05.013767] CALL OK get_game_card_art
[2026-06-10 00:06:05.015677] CALL get_game_card_art(args=('The Wolf Among Us',), kwargs={})
[2026-06-10 00:06:05.022756] CALL OK get_game_card_art
[2026-06-10 00:06:05.023609] CALL get_game_card_art(args=('Uncharted Legacy of Thieves Collection',), kwargs={})
[2026-06-10 00:06:05.032479] CALL OK get_game_card_art
[2026-06-10 00:06:05.044581] CALL list_nonsteam_games(args=(), kwargs={})
[2026-06-10 00:06:05.098615] CALL OK list_nonsteam_games
[2026-06-10 00:06:05.441050] CALL restart_steam(args=(), kwargs={})
[2026-06-10 00:06:08.635476] CALL OK restart_steam
[2026-06-10 00:06:46.250327] CALL get_needs_restart(args=(), kwargs={})
[2026-06-10 00:06:46.251176] CALL OK get_needs_restart
[2026-06-10 00:06:46.251777] CALL get_games(args=(), kwargs={})
[2026-06-10 00:06:46.253285] CALL OK get_games
[2026-06-10 00:06:46.254273] CALL get_games_folder(args=(), kwargs={})
[2026-06-10 00:06:46.254765] CALL OK get_games_folder
[2026-06-10 00:06:46.295251] CALL list_nonsteam_games(args=(), kwargs={})
[2026-06-10 00:06:46.387727] CALL OK list_nonsteam_games
[2026-06-10 00:06:46.389568] CALL get_game_card_art(args=('Abiotic Factor',), kwargs={})
[2026-06-10 00:06:46.407119] CALL OK get_game_card_art
[2026-06-10 00:06:46.407514] CALL get_game_card_art(args=('Baldurs Gate 3',), kwargs={})
[2026-06-10 00:06:46.425305] CALL OK get_game_card_art
[2026-06-10 00:06:46.425661] CALL get_game_card_art(args=('CULTIC',), kwargs={})
[2026-06-10 00:06:46.442625] CALL OK get_game_card_art
[2026-06-10 00:06:46.443024] CALL get_game_card_art(args=('Clair Obscur - Expedition 33',), kwargs={})
[2026-06-10 00:06:46.461763] CALL OK get_game_card_art
[2026-06-10 00:06:46.462183] CALL get_game_card_art(args=('Cyberpunk 2077',), kwargs={})
[2026-06-10 00:06:46.482942] CALL OK get_game_card_art
[2026-06-10 00:06:46.488116] CALL get_game_card_art(args=('Dead Island 2',), kwargs={})
[2026-06-10 00:06:46.509331] CALL OK get_game_card_art
[2026-06-10 00:06:46.517995] CALL get_game_card_art(args=('ENDER LILIES - Quietus of the Knights',), kwargs={})
[2026-06-10 00:06:46.536016] CALL OK get_game_card_art
[2026-06-10 00:06:46.537691] CALL get_game_card_art(args=('Fallout New Vegas',), kwargs={})
[2026-06-10 00:06:46.556705] CALL OK get_game_card_art
[2026-06-10 00:06:46.558574] CALL get_game_card_art(args=('Gabbys Dollhouse Ready To Party',), kwargs={})
[2026-06-10 00:06:46.575119] CALL OK get_game_card_art
[2026-06-10 00:06:46.575476] CALL get_game_card_art(args=('Hades II',), kwargs={})
[2026-06-10 00:06:46.592756] CALL OK get_game_card_art
[2026-06-10 00:06:46.593203] CALL get_game_card_art(args=('Hollow Knight Silksong',), kwargs={})
[2026-06-10 00:06:46.609957] CALL OK get_game_card_art
[2026-06-10 00:06:46.610281] CALL get_game_card_art(args=('It Takes Two',), kwargs={})
[2026-06-10 00:06:46.628732] CALL OK get_game_card_art
[2026-06-10 00:06:46.630830] CALL get_game_card_art(args=('LEGO Voyagers',), kwargs={})
[2026-06-10 00:06:46.649323] CALL OK get_game_card_art
[2026-06-10 00:06:46.652739] CALL get_game_card_art(args=('Life is Strange Remastered',), kwargs={})
[2026-06-10 00:06:46.670756] CALL OK get_game_card_art
[2026-06-10 00:06:46.672344] CALL get_game_card_art(args=('Little Nightmares Enhanced Edition',), kwargs={})
[2026-06-10 00:06:46.688958] CALL OK get_game_card_art
[2026-06-10 00:06:46.689299] CALL get_game_card_art(args=('NINJA GAIDEN - Ragebound',), kwargs={})
[2026-06-10 00:06:46.707085] CALL OK get_game_card_art
[2026-06-10 00:06:46.713086] CALL get_game_card_art(args=('Resident Evil 4',), kwargs={})
[2026-06-10 00:06:46.733741] CALL OK get_game_card_art
[2026-06-10 00:06:46.735186] CALL get_game_card_art(args=('Rise of the Tomb Raider',), kwargs={})
[2026-06-10 00:06:46.753666] CALL OK get_game_card_art
[2026-06-10 00:06:46.755367] CALL get_game_card_art(args=('Schedule I',), kwargs={})
[2026-06-10 00:06:46.775746] CALL OK get_game_card_art
[2026-06-10 00:06:46.780346] CALL get_game_card_art(args=('Split Fiction',), kwargs={})
[2026-06-10 00:06:46.800417] CALL OK get_game_card_art
[2026-06-10 00:06:46.808099] CALL get_game_card_art(args=('TEKKEN 8',), kwargs={})
[2026-06-10 00:06:46.827063] CALL OK get_game_card_art
[2026-06-10 00:06:46.830837] CALL get_game_card_art(args=('The Alters',), kwargs={})
[2026-06-10 00:06:46.850312] CALL OK get_game_card_art
[2026-06-10 00:06:46.854795] CALL get_game_card_art(args=('The Wolf Among Us',), kwargs={})
[2026-06-10 00:06:46.871521] CALL OK get_game_card_art
[2026-06-10 00:06:46.873166] CALL get_game_card_art(args=('Uncharted Legacy of Thieves Collection',), kwargs={})
[2026-06-10 00:06:46.893442] CALL OK get_game_card_art
[2026-06-10 00:06:47.864336] CALL list_proton_versions(args=(), kwargs={})
[2026-06-10 00:06:47.866463] CALL OK list_proton_versions
[2026-06-10 00:06:47.867281] CALL get_steam_shortcut(args=('Clair Obscur - Expedition 33',), kwargs={})
[2026-06-10 00:06:47.881316] CALL OK get_steam_shortcut
[2026-06-10 00:06:47.881637] CALL get_game_processing_state(args=('Clair Obscur - Expedition 33',), kwargs={})
[2026-06-10 00:06:47.882461] CALL OK get_game_processing_state
[2026-06-10 00:06:56.468196] CALL add_steam_shortcut(args=('Clair Obscur - Expedition 33/Expedition33_Steam.exe', 'Clair Obscur - Expedition 33', 'Clair Obscur - Expedition 33/', '', 'GE-Proton10-25'), kwargs={})
[2026-06-10 00:06:56.492104] add_steam_shortcut: app_id=-1069797399, proton_version='GE-Proton10-25', app_name=Clair Obscur - Expedition 33, exe=/home/deck/Games/Clair Obscur - Expedition 33/Expedition33_Steam.exe
[2026-06-10 00:06:56.493432] add_steam_shortcut: calling set_proton_version(app_id=-1069797399, proton='GE-Proton10-25', user=892854676)
[2026-06-10 00:06:56.644992] add_steam_shortcut: set_proton_version OK
[2026-06-10 00:06:56.645078] CALL OK add_steam_shortcut
[2026-06-10 00:06:56.647620] CALL set_needs_restart(args=(True,), kwargs={})
[2026-06-10 00:06:56.648091] CALL OK set_needs_restart
[2026-06-10 00:06:58.691707] CALL get_games(args=(), kwargs={})
[2026-06-10 00:06:58.692545] CALL OK get_games
[2026-06-10 00:06:58.693435] CALL get_games_folder(args=(), kwargs={})
[2026-06-10 00:06:58.693927] CALL OK get_games_folder
[2026-06-10 00:06:58.720615] CALL get_game_card_art(args=('Abiotic Factor',), kwargs={})
[2026-06-10 00:06:58.739658] CALL OK get_game_card_art
[2026-06-10 00:06:58.743332] CALL get_game_card_art(args=('Baldurs Gate 3',), kwargs={})
[2026-06-10 00:06:58.759769] CALL OK get_game_card_art
[2026-06-10 00:06:58.760092] CALL get_game_card_art(args=('CULTIC',), kwargs={})
[2026-06-10 00:06:58.786986] CALL OK get_game_card_art
[2026-06-10 00:06:58.787391] CALL get_game_card_art(args=('Clair Obscur - Expedition 33',), kwargs={})
[2026-06-10 00:06:58.802895] CALL OK get_game_card_art
[2026-06-10 00:06:58.803208] CALL get_game_card_art(args=('Cyberpunk 2077',), kwargs={})
[2026-06-10 00:06:58.818255] CALL OK get_game_card_art
[2026-06-10 00:06:58.823578] CALL get_game_card_art(args=('Dead Island 2',), kwargs={})
[2026-06-10 00:06:58.838879] CALL OK get_game_card_art
[2026-06-10 00:06:58.846279] CALL get_game_card_art(args=('ENDER LILIES - Quietus of the Knights',), kwargs={})
[2026-06-10 00:06:58.860711] CALL OK get_game_card_art
[2026-06-10 00:06:58.862013] CALL get_game_card_art(args=('Fallout New Vegas',), kwargs={})
[2026-06-10 00:06:58.874962] CALL OK get_game_card_art
[2026-06-10 00:06:58.876278] CALL get_game_card_art(args=('Gabbys Dollhouse Ready To Party',), kwargs={})
[2026-06-10 00:06:58.888781] CALL OK get_game_card_art
[2026-06-10 00:06:58.889096] CALL get_game_card_art(args=('Hades II',), kwargs={})
[2026-06-10 00:06:58.900547] CALL OK get_game_card_art
[2026-06-10 00:06:58.900853] CALL get_game_card_art(args=('Hollow Knight Silksong',), kwargs={})
[2026-06-10 00:06:58.912394] CALL OK get_game_card_art
[2026-06-10 00:06:58.912673] CALL get_game_card_art(args=('It Takes Two',), kwargs={})
[2026-06-10 00:06:58.924906] CALL OK get_game_card_art
[2026-06-10 00:06:58.926196] CALL get_game_card_art(args=('LEGO Voyagers',), kwargs={})
[2026-06-10 00:06:58.939556] CALL OK get_game_card_art
[2026-06-10 00:06:58.942258] CALL get_game_card_art(args=('Life is Strange Remastered',), kwargs={})
[2026-06-10 00:06:58.956348] CALL OK get_game_card_art
[2026-06-10 00:06:58.957420] CALL get_game_card_art(args=('Little Nightmares Enhanced Edition',), kwargs={})
[2026-06-10 00:06:58.967764] CALL OK get_game_card_art
[2026-06-10 00:06:58.968070] CALL get_game_card_art(args=('NINJA GAIDEN - Ragebound',), kwargs={})
[2026-06-10 00:06:58.982546] CALL OK get_game_card_art
[2026-06-10 00:06:58.987278] CALL get_game_card_art(args=('Resident Evil 4',), kwargs={})
[2026-06-10 00:06:59.000616] CALL OK get_game_card_art
[2026-06-10 00:06:59.001661] CALL get_game_card_art(args=('Rise of the Tomb Raider',), kwargs={})
[2026-06-10 00:06:59.012499] CALL OK get_game_card_art
[2026-06-10 00:06:59.013305] CALL get_game_card_art(args=('Schedule I',), kwargs={})
[2026-06-10 00:06:59.026607] CALL OK get_game_card_art
[2026-06-10 00:06:59.030165] CALL get_game_card_art(args=('Split Fiction',), kwargs={})
[2026-06-10 00:06:59.044461] CALL OK get_game_card_art
[2026-06-10 00:06:59.051455] CALL get_game_card_art(args=('TEKKEN 8',), kwargs={})
[2026-06-10 00:06:59.066815] CALL OK get_game_card_art
[2026-06-10 00:06:59.070017] CALL get_game_card_art(args=('The Alters',), kwargs={})
[2026-06-10 00:06:59.085687] CALL OK get_game_card_art
[2026-06-10 00:06:59.089510] CALL get_game_card_art(args=('The Wolf Among Us',), kwargs={})
[2026-06-10 00:06:59.105974] CALL OK get_game_card_art
[2026-06-10 00:06:59.107463] CALL get_game_card_art(args=('Uncharted Legacy of Thieves Collection',), kwargs={})
[2026-06-10 00:06:59.127546] CALL OK get_game_card_art
[2026-06-10 00:06:59.152369] CALL list_nonsteam_games(args=(), kwargs={})
[2026-06-10 00:06:59.243950] CALL OK list_nonsteam_games
[2026-06-10 00:07:00.763512] CALL restart_steam(args=(), kwargs={})
[2026-06-10 00:07:03.953676] CALL OK restart_steam
[2026-06-10 00:07:28.830419] CALL get_needs_restart(args=(), kwargs={})
[2026-06-10 00:07:28.830805] CALL OK get_needs_restart
[2026-06-10 00:07:28.831192] CALL get_games(args=(), kwargs={})
[2026-06-10 00:07:28.831596] CALL OK get_games
[2026-06-10 00:07:28.831987] CALL get_games_folder(args=(), kwargs={})
[2026-06-10 00:07:28.832262] CALL OK get_games_folder
[2026-06-10 00:07:28.859965] CALL list_nonsteam_games(args=(), kwargs={})
[2026-06-10 00:07:28.934824] CALL OK list_nonsteam_games
[2026-06-10 00:07:28.936342] CALL get_game_card_art(args=('Abiotic Factor',), kwargs={})
[2026-06-10 00:07:28.948581] CALL OK get_game_card_art
[2026-06-10 00:07:28.948916] CALL get_game_card_art(args=('Baldurs Gate 3',), kwargs={})
[2026-06-10 00:07:28.962111] CALL OK get_game_card_art
[2026-06-10 00:07:28.962421] CALL get_game_card_art(args=('CULTIC',), kwargs={})
[2026-06-10 00:07:28.972351] CALL OK get_game_card_art
[2026-06-10 00:07:28.972611] CALL get_game_card_art(args=('Clair Obscur - Expedition 33',), kwargs={})
[2026-06-10 00:07:28.980422] CALL OK get_game_card_art
[2026-06-10 00:07:28.980627] CALL get_game_card_art(args=('Cyberpunk 2077',), kwargs={})
[2026-06-10 00:07:28.988505] CALL OK get_game_card_art
[2026-06-10 00:07:28.990740] CALL get_game_card_art(args=('Dead Island 2',), kwargs={})
[2026-06-10 00:07:28.998403] CALL OK get_game_card_art
[2026-06-10 00:07:29.001701] CALL get_game_card_art(args=('ENDER LILIES - Quietus of the Knights',), kwargs={})
[2026-06-10 00:07:29.007956] CALL OK get_game_card_art
[2026-06-10 00:07:29.008538] CALL get_game_card_art(args=('Fallout New Vegas',), kwargs={})
[2026-06-10 00:07:29.014687] CALL OK get_game_card_art
[2026-06-10 00:07:29.015475] CALL get_game_card_art(args=('Gabbys Dollhouse Ready To Party',), kwargs={})
[2026-06-10 00:07:29.021955] CALL OK get_game_card_art
[2026-06-10 00:07:29.022141] CALL get_game_card_art(args=('Hades II',), kwargs={})
[2026-06-10 00:07:29.029403] CALL OK get_game_card_art
[2026-06-10 00:07:29.029603] CALL get_game_card_art(args=('Hollow Knight Silksong',), kwargs={})
[2026-06-10 00:07:29.036998] CALL OK get_game_card_art
[2026-06-10 00:07:29.037184] CALL get_game_card_art(args=('It Takes Two',), kwargs={})
[2026-06-10 00:07:29.045014] CALL OK get_game_card_art
[2026-06-10 00:07:29.045980] CALL get_game_card_art(args=('LEGO Voyagers',), kwargs={})
[2026-06-10 00:07:29.053520] CALL OK get_game_card_art
[2026-06-10 00:07:29.055064] CALL get_game_card_art(args=('Life is Strange Remastered',), kwargs={})
[2026-06-10 00:07:29.063848] CALL OK get_game_card_art
[2026-06-10 00:07:29.064693] CALL get_game_card_art(args=('Little Nightmares Enhanced Edition',), kwargs={})
[2026-06-10 00:07:29.073436] CALL OK get_game_card_art
[2026-06-10 00:07:29.073668] CALL get_game_card_art(args=('NINJA GAIDEN - Ragebound',), kwargs={})
[2026-06-10 00:07:29.083616] CALL OK get_game_card_art
[2026-06-10 00:07:29.086936] CALL get_game_card_art(args=('Resident Evil 4',), kwargs={})
[2026-06-10 00:07:29.096107] CALL OK get_game_card_art
[2026-06-10 00:07:29.096777] CALL get_game_card_art(args=('Rise of the Tomb Raider',), kwargs={})
[2026-06-10 00:07:29.105218] CALL OK get_game_card_art
[2026-06-10 00:07:29.105851] CALL get_game_card_art(args=('Schedule I',), kwargs={})
[2026-06-10 00:07:29.113718] CALL OK get_game_card_art
[2026-06-10 00:07:29.115686] CALL get_game_card_art(args=('Split Fiction',), kwargs={})
[2026-06-10 00:07:29.124706] CALL OK get_game_card_art
[2026-06-10 00:07:29.128776] CALL get_game_card_art(args=('TEKKEN 8',), kwargs={})
[2026-06-10 00:07:29.135997] CALL OK get_game_card_art
[2026-06-10 00:07:29.137495] CALL get_game_card_art(args=('The Alters',), kwargs={})
[2026-06-10 00:07:29.143992] CALL OK get_game_card_art
[2026-06-10 00:07:29.145622] CALL get_game_card_art(args=('The Wolf Among Us',), kwargs={})
[2026-06-10 00:07:29.151183] CALL OK get_game_card_art
[2026-06-10 00:07:29.151763] CALL get_game_card_art(args=('Uncharted Legacy of Thieves Collection',), kwargs={})
[2026-06-10 00:07:29.159085] CALL OK get_game_card_art
[2026-06-10 00:07:30.694604] CALL list_proton_versions(args=(), kwargs={})
[2026-06-10 00:07:30.695607] CALL OK list_proton_versions
[2026-06-10 00:07:30.695805] CALL get_steam_shortcut(args=('Clair Obscur - Expedition 33',), kwargs={})
[2026-06-10 00:07:30.705004] CALL OK get_steam_shortcut
[2026-06-10 00:07:30.705442] CALL get_game_processing_state(args=('Clair Obscur - Expedition 33',), kwargs={})
[2026-06-10 00:07:30.705968] CALL OK get_game_processing_state
[2026-06-10 00:07:50.737948] CALL get_needs_restart(args=(), kwargs={})
[2026-06-10 00:07:50.738606] CALL OK get_needs_restart
[2026-06-10 00:07:50.739209] CALL get_games(args=(), kwargs={})
[2026-06-10 00:07:50.740053] CALL OK get_games
[2026-06-10 00:07:50.740973] CALL get_games_folder(args=(), kwargs={})
[2026-06-10 00:07:50.741467] CALL OK get_games_folder
[2026-06-10 00:07:50.828975] CALL list_nonsteam_games(args=(), kwargs={})
[2026-06-10 00:07:50.918701] CALL OK list_nonsteam_games
[2026-06-10 00:07:50.921408] CALL get_game_card_art(args=('Abiotic Factor',), kwargs={})
[2026-06-10 00:07:50.940872] CALL OK get_game_card_art
[2026-06-10 00:07:50.941273] CALL get_game_card_art(args=('Baldurs Gate 3',), kwargs={})
[2026-06-10 00:07:50.962313] CALL OK get_game_card_art
[2026-06-10 00:07:50.962781] CALL get_game_card_art(args=('CULTIC',), kwargs={})
[2026-06-10 00:07:50.985161] CALL OK get_game_card_art
[2026-06-10 00:07:50.985658] CALL get_game_card_art(args=('Clair Obscur - Expedition 33',), kwargs={})
[2026-06-10 00:07:51.009677] CALL OK get_game_card_art
[2026-06-10 00:07:51.010164] CALL get_game_card_art(args=('Cyberpunk 2077',), kwargs={})
[2026-06-10 00:07:51.031377] CALL OK get_game_card_art
[2026-06-10 00:07:51.036428] CALL get_game_card_art(args=('Dead Island 2',), kwargs={})
[2026-06-10 00:07:51.058388] CALL OK get_game_card_art
[2026-06-10 00:07:51.068477] CALL get_game_card_art(args=('ENDER LILIES - Quietus of the Knights',), kwargs={})
[2026-06-10 00:07:51.088516] CALL OK get_game_card_art
[2026-06-10 00:07:51.090356] CALL get_game_card_art(args=('Fallout New Vegas',), kwargs={})
[2026-06-10 00:07:51.110562] CALL OK get_game_card_art
[2026-06-10 00:07:51.112620] CALL get_game_card_art(args=('Gabbys Dollhouse Ready To Party',), kwargs={})
[2026-06-10 00:07:51.132313] CALL OK get_game_card_art
[2026-06-10 00:07:51.132737] CALL get_game_card_art(args=('Hades II',), kwargs={})
[2026-06-10 00:07:51.150176] CALL OK get_game_card_art
[2026-06-10 00:07:51.150563] CALL get_game_card_art(args=('Hollow Knight Silksong',), kwargs={})
[2026-06-10 00:07:51.165232] CALL OK get_game_card_art
[2026-06-10 00:07:51.165491] CALL get_game_card_art(args=('It Takes Two',), kwargs={})
[2026-06-10 00:07:51.179996] CALL OK get_game_card_art
[2026-06-10 00:07:51.181839] CALL get_game_card_art(args=('LEGO Voyagers',), kwargs={})
[2026-06-10 00:07:51.195183] CALL OK get_game_card_art
[2026-06-10 00:07:51.197678] CALL get_game_card_art(args=('Life is Strange Remastered',), kwargs={})
[2026-06-10 00:07:51.209845] CALL OK get_game_card_art
[2026-06-10 00:07:51.211123] CALL get_game_card_art(args=('Little Nightmares Enhanced Edition',), kwargs={})
[2026-06-10 00:07:51.222982] CALL OK get_game_card_art
[2026-06-10 00:07:51.223200] CALL get_game_card_art(args=('NINJA GAIDEN - Ragebound',), kwargs={})
[2026-06-10 00:07:51.235739] CALL OK get_game_card_art
[2026-06-10 00:07:51.239897] CALL get_game_card_art(args=('Resident Evil 4',), kwargs={})
[2026-06-10 00:07:51.252454] CALL OK get_game_card_art
[2026-06-10 00:07:51.253327] CALL get_game_card_art(args=('Rise of the Tomb Raider',), kwargs={})
[2026-06-10 00:07:51.264531] CALL OK get_game_card_art
[2026-06-10 00:07:51.265484] CALL get_game_card_art(args=('Schedule I',), kwargs={})
[2026-06-10 00:07:51.276653] CALL OK get_game_card_art
[2026-06-10 00:07:51.280059] CALL get_game_card_art(args=('Split Fiction',), kwargs={})
[2026-06-10 00:07:51.295657] CALL OK get_game_card_art
[2026-06-10 00:07:51.302999] CALL get_game_card_art(args=('TEKKEN 8',), kwargs={})
[2026-06-10 00:07:51.315092] CALL OK get_game_card_art
[2026-06-10 00:07:51.317486] CALL get_game_card_art(args=('The Alters',), kwargs={})
[2026-06-10 00:07:51.328316] CALL OK get_game_card_art
[2026-06-10 00:07:51.331491] CALL get_game_card_art(args=('The Wolf Among Us',), kwargs={})
[2026-06-10 00:07:51.341465] CALL OK get_game_card_art
[2026-06-10 00:07:51.342458] CALL get_game_card_art(args=('Uncharted Legacy of Thieves Collection',), kwargs={})
[2026-06-10 00:07:51.355808] CALL OK get_game_card_art
[2026-06-10 00:07:53.304474] CALL list_proton_versions(args=(), kwargs={})
[2026-06-10 00:07:53.305724] CALL OK list_proton_versions
[2026-06-10 00:07:53.306195] CALL get_steam_shortcut(args=('Clair Obscur - Expedition 33',), kwargs={})
[2026-06-10 00:07:53.316232] CALL OK get_steam_shortcut
[2026-06-10 00:07:53.316533] CALL get_game_processing_state(args=('Clair Obscur - Expedition 33',), kwargs={})
[2026-06-10 00:07:53.317142] CALL OK get_game_processing_state
[2026-06-10 00:07:57.754416] CALL set_game_processing_state(args=('Clair Obscur - Expedition 33', {'status': 'installing', 'deps': ['vcrun2022', 'd3dx9'], 'pfxid': '3225169897'}), kwargs={})
[2026-06-10 00:07:57.773548] CALL OK set_game_processing_state
[2026-06-10 00:07:57.774074] CALL install_dependencies(args=('3225169897', 'vcrun2022, d3dx9'), kwargs={})
[2026-06-10 00:09:04.908132] CALL OK install_dependencies
[2026-06-10 00:09:04.915874] CALL set_game_processing_state(args=('Clair Obscur - Expedition 33', None), kwargs={})
[2026-06-10 00:09:04.919132] CALL OK set_game_processing_state
